[27488:43924:0517/014529.564:WARNING:kernel_switch.cc(95)] [Engine] GetProductDataInfo failed for: input_cloud_request_rank_1
[27488:43924:0517/014529.564:WARNING:kernel_switch.cc(95)] [Engine] GetProductDataInfo failed for: input_cloud_request_type_1
[27488:43924:0517/014529.565:WARNING:data_router_sender.cpp(44)] [DataRouterSender] RegisterReceiver not supported on sender side, route=/sg_tool/./slo_data_receiver
[27488:43924:0517/014529.625:WARNING:t_skinfilemap.cpp(63)] SGRenderLog:CheckUpdate newMem.OpenMem Suc, szNewMem:Local\sgime_skin.v3.filemap.sogouime
[27488:43924:0517/014529.625:WARNING:t_skinfilemap.cpp(65)] SGRenderLog:CheckUpdate finish: old version:1
[27488:43924:0517/014529.625:WARNING:t_skinfilemap.cpp(67)] SGRenderLog:CheckUpdate finish: new version:3
[8512:27856:0517/014741.861:WARNING:kernel_switch.cc(95)] [Engine] GetProductDataInfo failed for: input_cloud_request_rank_1
[8512:27856:0517/014741.861:WARNING:kernel_switch.cc(95)] [Engine] GetProductDataInfo failed for: input_cloud_request_type_1
[8512:27856:0517/014741.861:WARNING:data_router_sender.cpp(44)] [DataRouterSender] RegisterReceiver not supported on sender side, route=/sg_tool/./slo_data_receiver
[8512:27856:0517/014741.932:WARNING:t_skinfilemap.cpp(63)] SGRenderLog:CheckUpdate newMem.OpenMem Suc, szNewMem:Local\sgime_skin.v3.filemap.sogouime
[8512:27856:0517/014741.932:WARNING:t_skinfilemap.cpp(65)] SGRenderLog:CheckUpdate finish: old version:1
[8512:27856:0517/014741.932:WARNING:t_skinfilemap.cpp(67)] SGRenderLog:CheckUpdate finish: new version:3
[42520:27468:0517/014817.527:WARNING:kernel_switch.cc(95)] [Engine] GetProductDataInfo failed for: input_cloud_request_rank_1
[42520:27468:0517/014817.527:WARNING:kernel_switch.cc(95)] [Engine] GetProductDataInfo failed for: input_cloud_request_type_1
[42520:27468:0517/014817.527:WARNING:data_router_sender.cpp(44)] [DataRouterSender] RegisterReceiver not supported on sender side, route=/sg_tool/./slo_data_receiver
[42520:27468:0517/014817.606:WARNING:t_skinfilemap.cpp(63)] SGRenderLog:CheckUpdate newMem.OpenMem Suc, szNewMem:Local\sgime_skin.v3.filemap.sogouime
[42520:27468:0517/014817.606:WARNING:t_skinfilemap.cpp(65)] SGRenderLog:CheckUpdate finish: old version:1
[42520:27468:0517/014817.606:WARNING:t_skinfilemap.cpp(67)] SGRenderLog:CheckUpdate finish: new version:3
[32628:38520:0517/015249.228:WARNING:kernel_switch.cc(95)] [Engine] GetProductDataInfo failed for: input_cloud_request_rank_1
[32628:38520:0517/015249.228:WARNING:kernel_switch.cc(95)] [Engine] GetProductDataInfo failed for: input_cloud_request_type_1
[32628:38520:0517/015249.229:WARNING:data_router_sender.cpp(44)] [DataRouterSender] RegisterReceiver not supported on sender side, route=/sg_tool/./slo_data_receiver
[32628:38520:0517/015249.293:WARNING:t_skinfilemap.cpp(63)] SGRenderLog:CheckUpdate newMem.OpenMem Suc, szNewMem:Local\sgime_skin.v3.filemap.sogouime
[32628:38520:0517/015249.293:WARNING:t_skinfilemap.cpp(65)] SGRenderLog:CheckUpdate finish: old version:1
[32628:38520:0517/015249.293:WARNING:t_skinfilemap.cpp(67)] SGRenderLog:CheckUpdate finish: new version:3
[32192:42600:0517/015840.453:WARNING:kernel_switch.cc(95)] [Engine] GetProductDataInfo failed for: input_cloud_request_rank_1
[32192:42600:0517/015840.453:WARNING:kernel_switch.cc(95)] [Engine] GetProductDataInfo failed for: input_cloud_request_type_1
[32192:42600:0517/015840.454:WARNING:data_router_sender.cpp(44)] [DataRouterSender] RegisterReceiver not supported on sender side, route=/sg_tool/./slo_data_receiver
[32192:42600:0517/015840.518:WARNING:t_skinfilemap.cpp(63)] SGRenderLog:CheckUpdate newMem.OpenMem Suc, szNewMem:Local\sgime_skin.v3.filemap.sogouime
[32192:42600:0517/015840.518:WARNING:t_skinfilemap.cpp(65)] SGRenderLog:CheckUpdate finish: old version:1
[32192:42600:0517/015840.518:WARNING:t_skinfilemap.cpp(67)] SGRenderLog:CheckUpdate finish: new version:3
[32156:4720:0517/020516.014:WARNING:kernel_switch.cc(95)] [Engine] GetProductDataInfo failed for: input_cloud_request_rank_1
[32156:4720:0517/020516.014:WARNING:kernel_switch.cc(95)] [Engine] GetProductDataInfo failed for: input_cloud_request_type_1
[32156:4720:0517/020516.016:WARNING:data_router_sender.cpp(44)] [DataRouterSender] RegisterReceiver not supported on sender side, route=/sg_tool/./slo_data_receiver
[32156:4720:0517/020516.085:WARNING:t_skinfilemap.cpp(63)] SGRenderLog:CheckUpdate newMem.OpenMem Suc, szNewMem:Local\sgime_skin.v3.filemap.sogouime
[32156:4720:0517/020516.085:WARNING:t_skinfilemap.cpp(65)] SGRenderLog:CheckUpdate finish: old version:1
[32156:4720:0517/020516.085:WARNING:t_skinfilemap.cpp(67)] SGRenderLog:CheckUpdate finish: new version:3
[33824:42072:0517/020715.360:WARNING:kernel_switch.cc(95)] [Engine] GetProductDataInfo failed for: input_cloud_request_rank_1
[33824:42072:0517/020715.360:WARNING:kernel_switch.cc(95)] [Engine] GetProductDataInfo failed for: input_cloud_request_type_1
[33824:42072:0517/020715.360:WARNING:data_router_sender.cpp(44)] [DataRouterSender] RegisterReceiver not supported on sender side, route=/sg_tool/./slo_data_receiver
[33824:42072:0517/020715.420:WARNING:t_skinfilemap.cpp(63)] SGRenderLog:CheckUpdate newMem.OpenMem Suc, szNewMem:Local\sgime_skin.v3.filemap.sogouime
[33824:42072:0517/020715.420:WARNING:t_skinfilemap.cpp(65)] SGRenderLog:CheckUpdate finish: old version:1
[33824:42072:0517/020715.420:WARNING:t_skinfilemap.cpp(67)] SGRenderLog:CheckUpdate finish: new version:3
[44424:33208:0517/020907.419:WARNING:kernel_switch.cc(95)] [Engine] GetProductDataInfo failed for: input_cloud_request_rank_1
[44424:33208:0517/020907.419:WARNING:kernel_switch.cc(95)] [Engine] GetProductDataInfo failed for: input_cloud_request_type_1
[44424:33208:0517/020907.419:WARNING:data_router_sender.cpp(44)] [DataRouterSender] RegisterReceiver not supported on sender side, route=/sg_tool/./slo_data_receiver
[44424:33208:0517/020907.494:WARNING:t_skinfilemap.cpp(63)] SGRenderLog:CheckUpdate newMem.OpenMem Suc, szNewMem:Local\sgime_skin.v3.filemap.sogouime
[44424:33208:0517/020907.494:WARNING:t_skinfilemap.cpp(65)] SGRenderLog:CheckUpdate finish: old version:1
[44424:33208:0517/020907.494:WARNING:t_skinfilemap.cpp(67)] SGRenderLog:CheckUpdate finish: new version:3
[39560:40204:0517/021147.500:WARNING:kernel_switch.cc(95)] [Engine] GetProductDataInfo failed for: input_cloud_request_rank_1
[39560:40204:0517/021147.500:WARNING:kernel_switch.cc(95)] [Engine] GetProductDataInfo failed for: input_cloud_request_type_1
[39560:40204:0517/021147.501:WARNING:data_router_sender.cpp(44)] [DataRouterSender] RegisterReceiver not supported on sender side, route=/sg_tool/./slo_data_receiver
[39560:40204:0517/021147.571:WARNING:t_skinfilemap.cpp(63)] SGRenderLog:CheckUpdate newMem.OpenMem Suc, szNewMem:Local\sgime_skin.v3.filemap.sogouime
[39560:40204:0517/021147.571:WARNING:t_skinfilemap.cpp(65)] SGRenderLog:CheckUpdate finish: old version:1
[39560:40204:0517/021147.571:WARNING:t_skinfilemap.cpp(67)] SGRenderLog:CheckUpdate finish: new version:3
[31944:41940:0517/021441.015:WARNING:kernel_switch.cc(95)] [Engine] GetProductDataInfo failed for: input_cloud_request_rank_1
[31944:41940:0517/021441.015:WARNING:kernel_switch.cc(95)] [Engine] GetProductDataInfo failed for: input_cloud_request_type_1
[31944:41940:0517/021441.016:WARNING:data_router_sender.cpp(44)] [DataRouterSender] RegisterReceiver not supported on sender side, route=/sg_tool/./slo_data_receiver
[31944:41940:0517/021441.082:WARNING:t_skinfilemap.cpp(63)] SGRenderLog:CheckUpdate newMem.OpenMem Suc, szNewMem:Local\sgime_skin.v3.filemap.sogouime
[31944:41940:0517/021441.082:WARNING:t_skinfilemap.cpp(65)] SGRenderLog:CheckUpdate finish: old version:1
[31944:41940:0517/021441.082:WARNING:t_skinfilemap.cpp(67)] SGRenderLog:CheckUpdate finish: new version:3
[36408:34188:0517/021947.008:WARNING:kernel_switch.cc(95)] [Engine] GetProductDataInfo failed for: input_cloud_request_rank_1
[36408:34188:0517/021947.008:WARNING:kernel_switch.cc(95)] [Engine] GetProductDataInfo failed for: input_cloud_request_type_1
[36408:34188:0517/021947.009:WARNING:data_router_sender.cpp(44)] [DataRouterSender] RegisterReceiver not supported on sender side, route=/sg_tool/./slo_data_receiver
[36408:34188:0517/021947.086:WARNING:t_skinfilemap.cpp(63)] SGRenderLog:CheckUpdate newMem.OpenMem Suc, szNewMem:Local\sgime_skin.v3.filemap.sogouime
[36408:34188:0517/021947.086:WARNING:t_skinfilemap.cpp(65)] SGRenderLog:CheckUpdate finish: old version:1
[36408:34188:0517/021947.086:WARNING:t_skinfilemap.cpp(67)] SGRenderLog:CheckUpdate finish: new version:3
[43308:33520:0517/022455.759:WARNING:kernel_switch.cc(95)] [Engine] GetProductDataInfo failed for: input_cloud_request_rank_1
[43308:33520:0517/022455.759:WARNING:kernel_switch.cc(95)] [Engine] GetProductDataInfo failed for: input_cloud_request_type_1
[43308:33520:0517/022455.760:WARNING:data_router_sender.cpp(44)] [DataRouterSender] RegisterReceiver not supported on sender side, route=/sg_tool/./slo_data_receiver
[43308:33520:0517/022455.848:WARNING:t_skinfilemap.cpp(63)] SGRenderLog:CheckUpdate newMem.OpenMem Suc, szNewMem:Local\sgime_skin.v3.filemap.sogouime
[43308:33520:0517/022455.848:WARNING:t_skinfilemap.cpp(65)] SGRenderLog:CheckUpdate finish: old version:1
[43308:33520:0517/022455.848:WARNING:t_skinfilemap.cpp(67)] SGRenderLog:CheckUpdate finish: new version:3
[42980:36652:0517/022859.570:WARNING:kernel_switch.cc(95)] [Engine] GetProductDataInfo failed for: input_cloud_request_rank_1
[42980:36652:0517/022859.570:WARNING:kernel_switch.cc(95)] [Engine] GetProductDataInfo failed for: input_cloud_request_type_1
[42980:36652:0517/022859.571:WARNING:data_router_sender.cpp(44)] [DataRouterSender] RegisterReceiver not supported on sender side, route=/sg_tool/./slo_data_receiver
[42980:36652:0517/022859.628:WARNING:t_skinfilemap.cpp(63)] SGRenderLog:CheckUpdate newMem.OpenMem Suc, szNewMem:Local\sgime_skin.v3.filemap.sogouime
[42980:36652:0517/022859.628:WARNING:t_skinfilemap.cpp(65)] SGRenderLog:CheckUpdate finish: old version:1
[42980:36652:0517/022859.628:WARNING:t_skinfilemap.cpp(67)] SGRenderLog:CheckUpdate finish: new version:3
[41756:36268:0517/023523.449:WARNING:kernel_switch.cc(95)] [Engine] GetProductDataInfo failed for: input_cloud_request_rank_1
[41756:36268:0517/023523.449:WARNING:kernel_switch.cc(95)] [Engine] GetProductDataInfo failed for: input_cloud_request_type_1
[41756:36268:0517/023523.450:WARNING:data_router_sender.cpp(44)] [DataRouterSender] RegisterReceiver not supported on sender side, route=/sg_tool/./slo_data_receiver
[41756:36268:0517/023523.519:WARNING:t_skinfilemap.cpp(63)] SGRenderLog:CheckUpdate newMem.OpenMem Suc, szNewMem:Local\sgime_skin.v3.filemap.sogouime
[41756:36268:0517/023523.519:WARNING:t_skinfilemap.cpp(65)] SGRenderLog:CheckUpdate finish: old version:1
[41756:36268:0517/023523.519:WARNING:t_skinfilemap.cpp(67)] SGRenderLog:CheckUpdate finish: new version:3
[45040:20828:0517/024922.789:WARNING:kernel_switch.cc(95)] [Engine] GetProductDataInfo failed for: input_cloud_request_rank_1
[45040:20828:0517/024922.789:WARNING:kernel_switch.cc(95)] [Engine] GetProductDataInfo failed for: input_cloud_request_type_1
[45040:20828:0517/024922.790:WARNING:data_router_sender.cpp(44)] [DataRouterSender] RegisterReceiver not supported on sender side, route=/sg_tool/./slo_data_receiver
[45040:20828:0517/024922.865:WARNING:t_skinfilemap.cpp(63)] SGRenderLog:CheckUpdate newMem.OpenMem Suc, szNewMem:Local\sgime_skin.v3.filemap.sogouime
[45040:20828:0517/024922.865:WARNING:t_skinfilemap.cpp(65)] SGRenderLog:CheckUpdate finish: old version:1
[45040:20828:0517/024922.865:WARNING:t_skinfilemap.cpp(67)] SGRenderLog:CheckUpdate finish: new version:3
[36248:40544:0517/040320.959:WARNING:kernel_switch.cc(95)] [Engine] GetProductDataInfo failed for: input_cloud_request_rank_1
[36248:40544:0517/040320.959:WARNING:kernel_switch.cc(95)] [Engine] GetProductDataInfo failed for: input_cloud_request_type_1
[36248:40544:0517/040320.960:WARNING:data_router_sender.cpp(44)] [DataRouterSender] RegisterReceiver not supported on sender side, route=/sg_tool/./slo_data_receiver
[36248:40544:0517/040321.033:WARNING:t_skinfilemap.cpp(63)] SGRenderLog:CheckUpdate newMem.OpenMem Suc, szNewMem:Local\sgime_skin.v3.filemap.sogouime
[36248:40544:0517/040321.033:WARNING:t_skinfilemap.cpp(65)] SGRenderLog:CheckUpdate finish: old version:1
[36248:40544:0517/040321.033:WARNING:t_skinfilemap.cpp(67)] SGRenderLog:CheckUpdate finish: new version:3
[36544:40972:0517/040743.526:WARNING:kernel_switch.cc(95)] [Engine] GetProductDataInfo failed for: input_cloud_request_rank_1
[36544:40972:0517/040743.526:WARNING:kernel_switch.cc(95)] [Engine] GetProductDataInfo failed for: input_cloud_request_type_1
[36544:40972:0517/040743.527:WARNING:data_router_sender.cpp(44)] [DataRouterSender] RegisterReceiver not supported on sender side, route=/sg_tool/./slo_data_receiver
[36544:40972:0517/040743.600:WARNING:t_skinfilemap.cpp(63)] SGRenderLog:CheckUpdate newMem.OpenMem Suc, szNewMem:Local\sgime_skin.v3.filemap.sogouime
[36544:40972:0517/040743.600:WARNING:t_skinfilemap.cpp(65)] SGRenderLog:CheckUpdate finish: old version:1
[36544:40972:0517/040743.600:WARNING:t_skinfilemap.cpp(67)] SGRenderLog:CheckUpdate finish: new version:3
[42420:42312:0517/041404.587:WARNING:kernel_switch.cc(95)] [Engine] GetProductDataInfo failed for: input_cloud_request_rank_1
[42420:42312:0517/041404.587:WARNING:kernel_switch.cc(95)] [Engine] GetProductDataInfo failed for: input_cloud_request_type_1
[42420:42312:0517/041404.588:WARNING:data_router_sender.cpp(44)] [DataRouterSender] RegisterReceiver not supported on sender side, route=/sg_tool/./slo_data_receiver
[42420:42312:0517/041404.668:WARNING:t_skinfilemap.cpp(63)] SGRenderLog:CheckUpdate newMem.OpenMem Suc, szNewMem:Local\sgime_skin.v3.filemap.sogouime
[42420:42312:0517/041404.669:WARNING:t_skinfilemap.cpp(65)] SGRenderLog:CheckUpdate finish: old version:1
[42420:42312:0517/041404.669:WARNING:t_skinfilemap.cpp(67)] SGRenderLog:CheckUpdate finish: new version:3
