[2026-05-17 18:23:19] 程序启动
[2026-05-17 18:23:19] UI构建完成
[2026-05-17 18:23:22] 程序启动
[2026-05-17 18:23:22] UI构建完成
[2026-05-17 18:23:35] 生成二维码: 6358 字符, 压缩模式: True
[2026-05-17 18:23:36] 编码内容长度: 2891 字符
[2026-05-17 18:23:36] 自检解码成功: 2891 字符
[2026-05-17 18:23:36] 二维码生成成功
[2026-05-17 18:23:37] 开始截图识别
[2026-05-17 18:23:37] 虚拟屏幕: 0,0 4480x1440 (2个显示器)
[2026-05-17 18:23:40] 截图区域: x=3321, y=525, w=385, h=369
[2026-05-17 18:23:40] 开始解码二维码: 385x369
[2026-05-17 18:23:40] 策略组1: 缩放 2x-5x, 图片385x369
[2026-05-17 18:23:40] => 解码策略: 缩放3x, 耗时480ms
[2026-05-17 18:23:40] 生成二维码: 6358 字符, 压缩模式: True
[2026-05-17 18:23:40] 编码内容长度: 2891 字符
[2026-05-17 18:23:40] 自检解码成功: 2891 字符
[2026-05-17 18:23:40] 二维码生成成功
[2026-05-17 18:23:40] 解码成功(压缩): 6358 字符
[2026-05-17 18:23:43] 生成二维码: 0 字符, 压缩模式: True
[2026-05-17 18:23:44] 开始截图识别
[2026-05-17 18:23:44] 虚拟屏幕: 0,0 4480x1440 (2个显示器)
[2026-05-17 18:23:46] 截图区域: x=3323, y=520, w=380, h=373
[2026-05-17 18:23:46] 开始解码二维码: 380x373
[2026-05-17 18:23:46] 策略组1: 缩放 2x-5x, 图片380x373
[2026-05-17 18:23:47] => 解码策略: 缩放2x, 耗时142ms
[2026-05-17 18:23:47] 生成二维码: 6358 字符, 压缩模式: True
[2026-05-17 18:23:47] 编码内容长度: 2891 字符
[2026-05-17 18:23:47] 自检解码成功: 2891 字符
[2026-05-17 18:23:47] 二维码生成成功
[2026-05-17 18:23:47] 解码成功(压缩): 6358 字符
[2026-05-17 18:23:50] 生成二维码: 6101 字符, 压缩模式: True
[2026-05-17 18:23:50] 编码内容长度: 2739 字符
[2026-05-17 18:23:50] 自检解码成功: 2739 字符
[2026-05-17 18:23:50] 二维码生成成功
[2026-05-17 18:23:51] 开始截图识别
[2026-05-17 18:23:51] 虚拟屏幕: 0,0 4480x1440 (2个显示器)
[2026-05-17 18:23:54] 截图区域: x=3336, y=524, w=365, h=370
[2026-05-17 18:23:54] 开始解码二维码: 365x370
[2026-05-17 18:23:54] 策略组1: 缩放 2x-5x, 图片365x370
[2026-05-17 18:23:54] => 解码策略: 缩放2x, 耗时143ms
[2026-05-17 18:23:54] 生成二维码: 6101 字符, 压缩模式: True
[2026-05-17 18:23:54] 编码内容长度: 2739 字符
[2026-05-17 18:23:54] 自检解码成功: 2739 字符
[2026-05-17 18:23:54] 二维码生成成功
[2026-05-17 18:23:54] 解码成功(压缩): 6101 字符
[2026-05-17 18:23:56] 生成二维码: 6102 字符, 压缩模式: True
[2026-05-17 18:23:56] 编码内容长度: 2739 字符
[2026-05-17 18:23:56] 自检解码失败: 原始600x600二维码自身就无法被ZXing解码!
[2026-05-17 18:23:56] 二维码生成成功
[2026-05-17 18:23:57] 生成二维码: 6103 字符, 压缩模式: True
[2026-05-17 18:23:57] 编码内容长度: 2743 字符
[2026-05-17 18:23:57] 自检解码成功: 2743 字符
[2026-05-17 18:23:57] 二维码生成成功
[2026-05-17 18:23:57] 生成二维码: 6104 字符, 压缩模式: True
[2026-05-17 18:23:57] 编码内容长度: 2743 字符
[2026-05-17 18:23:57] 自检解码成功: 2743 字符
[2026-05-17 18:23:57] 二维码生成成功
[2026-05-17 18:23:57] 生成二维码: 6105 字符, 压缩模式: True
[2026-05-17 18:23:57] 编码内容长度: 2743 字符
[2026-05-17 18:23:57] 自检解码成功: 2743 字符
[2026-05-17 18:23:57] 二维码生成成功
[2026-05-17 18:23:57] 生成二维码: 6106 字符, 压缩模式: True
[2026-05-17 18:23:57] 编码内容长度: 2743 字符
[2026-05-17 18:23:57] 自检解码成功: 2743 字符
[2026-05-17 18:23:57] 二维码生成成功
[2026-05-17 18:23:57] 生成二维码: 6107 字符, 压缩模式: True
[2026-05-17 18:23:57] 编码内容长度: 2743 字符
[2026-05-17 18:23:57] 自检解码成功: 2743 字符
[2026-05-17 18:23:57] 二维码生成成功
[2026-05-17 18:23:57] 生成二维码: 6108 字符, 压缩模式: True
[2026-05-17 18:23:57] 编码内容长度: 2743 字符
[2026-05-17 18:23:57] 自检解码成功: 2743 字符
[2026-05-17 18:23:57] 二维码生成成功
[2026-05-17 18:23:57] 生成二维码: 6109 字符, 压缩模式: True
[2026-05-17 18:23:57] 编码内容长度: 2743 字符
[2026-05-17 18:23:58] 自检解码成功: 2743 字符
[2026-05-17 18:23:58] 二维码生成成功
[2026-05-17 18:23:58] 生成二维码: 6110 字符, 压缩模式: True
[2026-05-17 18:23:58] 编码内容长度: 2743 字符
[2026-05-17 18:23:58] 自检解码成功: 2743 字符
[2026-05-17 18:23:58] 二维码生成成功
[2026-05-17 18:23:58] 生成二维码: 6111 字符, 压缩模式: True
[2026-05-17 18:23:58] 编码内容长度: 2743 字符
[2026-05-17 18:23:58] 自检解码成功: 2743 字符
[2026-05-17 18:23:58] 二维码生成成功
[2026-05-17 18:23:59] 开始截图识别
[2026-05-17 18:23:59] 虚拟屏幕: 0,0 4480x1440 (2个显示器)
[2026-05-17 18:24:01] 截图区域: x=3332, y=523, w=366, h=365
[2026-05-17 18:24:01] 开始解码二维码: 366x365
[2026-05-17 18:24:01] 策略组1: 缩放 2x-5x, 图片366x365
[2026-05-17 18:24:01] => 解码策略: 缩放2x, 耗时134ms
[2026-05-17 18:24:01] 生成二维码: 6111 字符, 压缩模式: True
[2026-05-17 18:24:01] 编码内容长度: 2743 字符
[2026-05-17 18:24:01] 自检解码成功: 2743 字符
[2026-05-17 18:24:01] 二维码生成成功
[2026-05-17 18:24:01] 解码成功(压缩): 6111 字符
[2026-05-17 18:24:05] 生成二维码: 0 字符, 压缩模式: True
[2026-05-17 18:24:07] 生成二维码: 6358 字符, 压缩模式: True
[2026-05-17 18:24:07] 编码内容长度: 2891 字符
[2026-05-17 18:24:07] 自检解码成功: 2891 字符
[2026-05-17 18:24:07] 二维码生成成功
[2026-05-17 18:24:09] 生成二维码: 0 字符, 压缩模式: True
[2026-05-17 18:24:12] 生成二维码: 6359 字符, 压缩模式: True
[2026-05-17 18:24:12] 编码内容长度: 2891 字符
[2026-05-17 18:24:12] 自检解码成功: 2891 字符
[2026-05-17 18:24:12] 二维码生成成功
[2026-05-17 18:24:12] 生成二维码: 6360 字符, 压缩模式: True
[2026-05-17 18:24:12] 编码内容长度: 2895 字符
[2026-05-17 18:24:12] 自检解码成功: 2895 字符
[2026-05-17 18:24:12] 二维码生成成功
[2026-05-17 18:24:12] 生成二维码: 6361 字符, 压缩模式: True
[2026-05-17 18:24:12] 编码内容长度: 2895 字符
[2026-05-17 18:24:12] 自检解码成功: 2895 字符
[2026-05-17 18:24:12] 二维码生成成功
[2026-05-17 18:24:12] 生成二维码: 6362 字符, 压缩模式: True
[2026-05-17 18:24:12] 编码内容长度: 2899 字符
[2026-05-17 18:24:12] 自检解码成功: 2899 字符
[2026-05-17 18:24:12] 二维码生成成功
[2026-05-17 18:24:12] 生成二维码: 6363 字符, 压缩模式: True
[2026-05-17 18:24:12] 编码内容长度: 2899 字符
[2026-05-17 18:24:13] 自检解码成功: 2899 字符
[2026-05-17 18:24:13] 二维码生成成功
[2026-05-17 18:24:13] 生成二维码: 6364 字符, 压缩模式: True
[2026-05-17 18:24:13] 编码内容长度: 2899 字符
[2026-05-17 18:24:13] 自检解码成功: 2899 字符
[2026-05-17 18:24:13] 二维码生成成功
[2026-05-17 18:24:13] 生成二维码: 6365 字符, 压缩模式: True
[2026-05-17 18:24:13] 编码内容长度: 2903 字符
[2026-05-17 18:24:13] 自检解码成功: 2903 字符
[2026-05-17 18:24:13] 二维码生成成功
[2026-05-17 18:24:13] 生成二维码: 6366 字符, 压缩模式: True
[2026-05-17 18:24:13] 编码内容长度: 2899 字符
[2026-05-17 18:24:13] 自检解码成功: 2899 字符
[2026-05-17 18:24:13] 二维码生成成功
[2026-05-17 18:24:14] 开始截图识别
[2026-05-17 18:24:14] 虚拟屏幕: 0,0 4480x1440 (2个显示器)
[2026-05-17 18:24:16] 截图区域: x=3330, y=519, w=372, h=375
[2026-05-17 18:24:16] 开始解码二维码: 372x375
[2026-05-17 18:24:16] 策略组1: 缩放 2x-5x, 图片372x375
[2026-05-17 18:24:17] => 解码策略: 缩放4x, 耗时976ms
[2026-05-17 18:24:17] 生成二维码: 6366 字符, 压缩模式: True
[2026-05-17 18:24:17] 编码内容长度: 2899 字符
[2026-05-17 18:24:17] 自检解码成功: 2899 字符
[2026-05-17 18:24:17] 二维码生成成功
[2026-05-17 18:24:17] 解码成功(压缩): 6366 字符
