[2026-05-17 00:19:46] 程序启动
[2026-05-17 00:19:46] UI构建完成
[2026-05-17 00:20:36] 生成二维码: 1 字符
[2026-05-17 00:20:36] 生成二维码失败: You have to set a renderer instance.
   at ZXing.BarcodeWriter`1.Write(String contents)
   at QRCodeTool.Form1.GenerateQr(String content) in D:\huliang\java\ideaworkspace\jonesDevtools\QR_GENERATORBYC#V1\QRCodeTool\Form1.cs:line 121
[2026-05-17 00:22:04] 程序启动
[2026-05-17 00:22:04] UI构建完成
[2026-05-17 00:22:30] 生成二维码: 1 字符
[2026-05-17 00:22:31] 二维码生成成功
[2026-05-17 00:22:31] 生成二维码: 2 字符
[2026-05-17 00:22:31] 二维码生成成功
[2026-05-17 00:22:31] 生成二维码: 3 字符
[2026-05-17 00:22:31] 二维码生成成功
[2026-05-17 00:22:31] 生成二维码: 4 字符
[2026-05-17 00:22:31] 二维码生成成功
[2026-05-17 00:22:31] 生成二维码: 5 字符
[2026-05-17 00:22:31] 二维码生成成功
[2026-05-17 00:22:31] 生成二维码: 6 字符
[2026-05-17 00:22:31] 二维码生成成功
[2026-05-17 00:22:32] 生成二维码: 7 字符
[2026-05-17 00:22:32] 二维码生成成功
[2026-05-17 00:22:32] 生成二维码: 8 字符
[2026-05-17 00:22:32] 二维码生成成功
[2026-05-17 00:22:32] 生成二维码: 9 字符
[2026-05-17 00:22:32] 二维码生成成功
[2026-05-17 00:22:32] 生成二维码: 10 字符
[2026-05-17 00:22:32] 二维码生成成功
[2026-05-17 00:22:32] 生成二维码: 11 字符
[2026-05-17 00:22:32] 二维码生成成功
[2026-05-17 00:22:32] 生成二维码: 12 字符
[2026-05-17 00:22:32] 二维码生成成功
[2026-05-17 00:22:32] 生成二维码: 13 字符
[2026-05-17 00:22:32] 二维码生成成功
[2026-05-17 00:22:57] 程序启动
[2026-05-17 00:22:57] UI构建完成
[2026-05-17 00:23:07] 开始截图识别
[2026-05-17 00:23:08] 截图区域: x=585, y=441, w=204, h=195
[2026-05-17 00:23:08] 开始解码二维码: 204x195
[2026-05-17 00:23:08] 生成二维码: 13 字符
[2026-05-17 00:23:08] 二维码生成成功
[2026-05-17 00:23:08] 解码成功: 13 字符
[2026-05-17 00:23:10] 开始截图识别
[2026-05-17 00:23:12] 截图区域: x=581, y=417, w=221, h=190
[2026-05-17 00:23:12] 开始解码二维码: 221x190
[2026-05-17 00:23:12] 解码成功: 13 字符
[2026-05-17 00:23:23] 生成二维码: 0 字符
[2026-05-17 00:23:23] 生成二维码: 8914 字符
[2026-05-17 00:23:23] 生成二维码失败: Data too big
   at ZXing.QrCode.Internal.Encoder.chooseVersion(Int32 numInputBits, ErrorCorrectionLevel ecLevel)
   at ZXing.QrCode.Internal.Encoder.recommendVersion(ErrorCorrectionLevel ecLevel, Mode mode, BitArray headerBits, BitArray dataBits)
   at ZXing.QrCode.Internal.Encoder.encode(String content, ErrorCorrectionLevel ecLevel, IDictionary`2 hints)
   at ZXing.QrCode.QRCodeWriter.encode(String contents, BarcodeFormat format, Int32 width, Int32 height, IDictionary`2 hints)
   at ZXing.MultiFormatWriter.encode(String contents, BarcodeFormat format, Int32 width, Int32 height, IDictionary`2 hints)
   at ZXing.BarcodeWriterGeneric.Encode(String contents)
   at ZXing.BarcodeWriter`1.Write(String contents)
   at QRCodeTool.Form1.GenerateQr(String content) in D:\huliang\java\ideaworkspace\jonesDevtools\QR_GENERATORBYC#V1\QRCodeTool\Form1.cs:line 122
[2026-05-17 00:23:26] 开始截图识别
[2026-05-17 00:23:31] 截图区域: x=772, y=776, w=0, h=0
[2026-05-17 00:23:31] 生成二维码: 4 字符
[2026-05-17 00:23:31] 二维码生成成功
[2026-05-17 00:23:31] 选区过小
[2026-05-17 00:23:52] 生成二维码: 0 字符
[2026-05-17 00:23:52] 生成二维码: 8914 字符
[2026-05-17 00:23:52] 生成二维码失败: Data too big
   at ZXing.QrCode.Internal.Encoder.chooseVersion(Int32 numInputBits, ErrorCorrectionLevel ecLevel)
   at ZXing.QrCode.Internal.Encoder.recommendVersion(ErrorCorrectionLevel ecLevel, Mode mode, BitArray headerBits, BitArray dataBits)
   at ZXing.QrCode.Internal.Encoder.encode(String content, ErrorCorrectionLevel ecLevel, IDictionary`2 hints)
   at ZXing.QrCode.QRCodeWriter.encode(String contents, BarcodeFormat format, Int32 width, Int32 height, IDictionary`2 hints)
   at ZXing.MultiFormatWriter.encode(String contents, BarcodeFormat format, Int32 width, Int32 height, IDictionary`2 hints)
   at ZXing.BarcodeWriterGeneric.Encode(String contents)
   at ZXing.BarcodeWriter`1.Write(String contents)
   at QRCodeTool.Form1.GenerateQr(String content) in D:\huliang\java\ideaworkspace\jonesDevtools\QR_GENERATORBYC#V1\QRCodeTool\Form1.cs:line 122
[2026-05-17 00:24:01] 生成二维码: 8604 字符
[2026-05-17 00:24:01] 生成二维码失败: Data too big
   at ZXing.QrCode.Internal.Encoder.chooseVersion(Int32 numInputBits, ErrorCorrectionLevel ecLevel)
   at ZXing.QrCode.Internal.Encoder.recommendVersion(ErrorCorrectionLevel ecLevel, Mode mode, BitArray headerBits, BitArray dataBits)
   at ZXing.QrCode.Internal.Encoder.encode(String content, ErrorCorrectionLevel ecLevel, IDictionary`2 hints)
   at ZXing.QrCode.QRCodeWriter.encode(String contents, BarcodeFormat format, Int32 width, Int32 height, IDictionary`2 hints)
   at ZXing.MultiFormatWriter.encode(String contents, BarcodeFormat format, Int32 width, Int32 height, IDictionary`2 hints)
   at ZXing.BarcodeWriterGeneric.Encode(String contents)
   at ZXing.BarcodeWriter`1.Write(String contents)
   at QRCodeTool.Form1.GenerateQr(String content) in D:\huliang\java\ideaworkspace\jonesDevtools\QR_GENERATORBYC#V1\QRCodeTool\Form1.cs:line 122
[2026-05-17 00:24:19] 生成二维码: 0 字符
[2026-05-17 00:24:19] 生成二维码: 723 字符
[2026-05-17 00:24:19] 二维码生成成功
[2026-05-17 00:24:32] 生成二维码: 0 字符
[2026-05-17 00:24:32] 生成二维码: 2060 字符
[2026-05-17 00:24:32] 生成二维码失败: Data too big
   at ZXing.QrCode.Internal.Encoder.chooseVersion(Int32 numInputBits, ErrorCorrectionLevel ecLevel)
   at ZXing.QrCode.Internal.Encoder.recommendVersion(ErrorCorrectionLevel ecLevel, Mode mode, BitArray headerBits, BitArray dataBits)
   at ZXing.QrCode.Internal.Encoder.encode(String content, ErrorCorrectionLevel ecLevel, IDictionary`2 hints)
   at ZXing.QrCode.QRCodeWriter.encode(String contents, BarcodeFormat format, Int32 width, Int32 height, IDictionary`2 hints)
   at ZXing.MultiFormatWriter.encode(String contents, BarcodeFormat format, Int32 width, Int32 height, IDictionary`2 hints)
   at ZXing.BarcodeWriterGeneric.Encode(String contents)
   at ZXing.BarcodeWriter`1.Write(String contents)
   at QRCodeTool.Form1.GenerateQr(String content) in D:\huliang\java\ideaworkspace\jonesDevtools\QR_GENERATORBYC#V1\QRCodeTool\Form1.cs:line 122
[2026-05-17 00:24:46] 生成二维码: 0 字符
[2026-05-17 00:24:46] 生成二维码: 1305 字符
[2026-05-17 00:24:46] 生成二维码失败: Data too big
   at ZXing.QrCode.Internal.Encoder.chooseVersion(Int32 numInputBits, ErrorCorrectionLevel ecLevel)
   at ZXing.QrCode.Internal.Encoder.recommendVersion(ErrorCorrectionLevel ecLevel, Mode mode, BitArray headerBits, BitArray dataBits)
   at ZXing.QrCode.Internal.Encoder.encode(String content, ErrorCorrectionLevel ecLevel, IDictionary`2 hints)
   at ZXing.QrCode.QRCodeWriter.encode(String contents, BarcodeFormat format, Int32 width, Int32 height, IDictionary`2 hints)
   at ZXing.MultiFormatWriter.encode(String contents, BarcodeFormat format, Int32 width, Int32 height, IDictionary`2 hints)
   at ZXing.BarcodeWriterGeneric.Encode(String contents)
   at ZXing.BarcodeWriter`1.Write(String contents)
   at QRCodeTool.Form1.GenerateQr(String content) in D:\huliang\java\ideaworkspace\jonesDevtools\QR_GENERATORBYC#V1\QRCodeTool\Form1.cs:line 122
[2026-05-17 00:24:56] 生成二维码: 0 字符
[2026-05-17 00:24:56] 生成二维码: 855 字符
[2026-05-17 00:24:56] 二维码生成成功
[2026-05-17 00:24:59] 开始截图识别
[2026-05-17 00:25:01] 截图区域: x=589, y=430, w=190, h=184
[2026-05-17 00:25:01] 开始解码二维码: 190x184
[2026-05-17 00:25:01] 生成二维码: 7 字符
[2026-05-17 00:25:01] 二维码生成成功
[2026-05-17 00:25:01] 未识别到二维码
[2026-05-17 00:25:44] 开始截图识别
[2026-05-17 00:25:47] 截图区域: x=1134, y=288, w=264, h=260
[2026-05-17 00:25:47] 开始解码二维码: 264x260
[2026-05-17 00:25:47] 未识别到二维码
[2026-05-17 00:27:08] 生成二维码: 0 字符
[2026-05-17 00:27:08] 生成二维码: 655 字符
[2026-05-17 00:27:08] 二维码生成成功
[2026-05-17 00:27:11] 开始截图识别
[2026-05-17 00:27:13] 截图区域: x=603, y=440, w=165, h=159
[2026-05-17 00:27:13] 开始解码二维码: 165x159
[2026-05-17 00:27:13] 未识别到二维码
[2026-05-17 00:27:18] 开始截图识别
[2026-05-17 00:27:19] 截图区域: x=1336, y=726, w=181, h=150
[2026-05-17 00:27:19] 开始解码二维码: 181x150
[2026-05-17 00:27:19] 未识别到二维码
[2026-05-17 00:28:22] 开始截图识别
[2026-05-17 00:28:24] 截图区域: x=1350, y=734, w=161, h=154
[2026-05-17 00:28:24] 开始解码二维码: 161x154
[2026-05-17 00:28:24] 未识别到二维码
[2026-05-17 00:30:54] 程序启动
[2026-05-17 00:30:55] UI构建完成
[2026-05-17 00:31:22] 程序启动
[2026-05-17 00:31:22] UI构建完成
[2026-05-17 00:31:26] 生成二维码: 655 字符
[2026-05-17 00:31:26] 二维码生成成功
[2026-05-17 00:31:32] 开始截图识别
[2026-05-17 00:31:34] 截图区域: x=1198, y=458, w=179, h=174
[2026-05-17 00:31:34] 开始解码二维码: 179x174
[2026-05-17 00:31:34] 生成二维码: 655 字符
[2026-05-17 00:31:34] 二维码生成成功
[2026-05-17 00:31:34] 解码成功: 655 字符
[2026-05-17 00:35:42] 生成二维码: 0 字符
[2026-05-17 00:35:42] 生成二维码: 1068 字符
[2026-05-17 00:35:42] 二维码生成成功
[2026-05-17 00:35:48] 生成二维码: 0 字符
[2026-05-17 00:35:48] 生成二维码: 1068 字符
[2026-05-17 00:35:48] 二维码生成成功
[2026-05-17 00:35:50] 开始截图识别
[2026-05-17 00:35:52] 截图区域: x=1176, y=445, w=199, h=195
[2026-05-17 00:35:52] 开始解码二维码: 199x195
[2026-05-17 00:35:52] 生成二维码: 7 字符
[2026-05-17 00:35:52] 二维码生成成功
[2026-05-17 00:35:52] 未识别到二维码
[2026-05-17 00:36:00] 生成二维码: 907 字符
[2026-05-17 00:36:00] 二维码生成成功
[2026-05-17 00:36:01] 开始截图识别
[2026-05-17 00:36:03] 截图区域: x=1153, y=447, w=236, h=198
[2026-05-17 00:36:03] 开始解码二维码: 236x198
[2026-05-17 00:36:03] 未识别到二维码
[2026-05-17 00:36:04] 开始截图识别
[2026-05-17 00:36:06] 截图区域: x=1184, y=453, w=188, h=188
[2026-05-17 00:36:06] 开始解码二维码: 188x188
[2026-05-17 00:36:06] 未识别到二维码
[2026-05-17 00:36:08] 生成二维码: 0 字符
[2026-05-17 00:36:16] 生成二维码: 282 字符
[2026-05-17 00:36:16] 二维码生成成功
[2026-05-17 00:36:17] 开始截图识别
[2026-05-17 00:36:19] 截图区域: x=1176, y=440, w=202, h=210
[2026-05-17 00:36:19] 开始解码二维码: 202x210
[2026-05-17 00:36:19] 生成二维码: 282 字符
[2026-05-17 00:36:19] 二维码生成成功
[2026-05-17 00:36:19] 解码成功: 282 字符
[2026-05-17 00:37:22] 程序启动
[2026-05-17 00:37:22] UI构建完成
[2026-05-17 00:37:33] 生成二维码: 9 字符
[2026-05-17 00:37:33] 二维码生成成功
[2026-05-17 00:37:34] 生成二维码: 0 字符
[2026-05-17 00:37:40] 生成二维码: 1068 字符
[2026-05-17 00:37:40] 二维码生成成功
[2026-05-17 00:37:50] 程序启动
[2026-05-17 00:37:50] UI构建完成
[2026-05-17 00:37:55] 开始截图识别
[2026-05-17 00:37:57] 截图区域: x=1177, y=444, w=210, h=200
[2026-05-17 00:37:57] 开始解码二维码: 210x200
[2026-05-17 00:37:57] 生成二维码: 7 字符
[2026-05-17 00:37:57] 二维码生成成功
[2026-05-17 00:37:57] 未识别到二维码
[2026-05-17 00:38:01] 生成二维码: 805 字符
[2026-05-17 00:38:01] 二维码生成成功
[2026-05-17 00:38:01] 生成二维码: 805 字符
[2026-05-17 00:38:01] 二维码生成成功
[2026-05-17 00:38:03] 生成二维码: 682 字符
[2026-05-17 00:38:03] 二维码生成成功
[2026-05-17 00:38:03] 生成二维码: 682 字符
[2026-05-17 00:38:03] 二维码生成成功
[2026-05-17 00:38:03] 生成二维码: 681 字符
[2026-05-17 00:38:03] 二维码生成成功
[2026-05-17 00:38:05] 开始截图识别
[2026-05-17 00:38:06] 截图区域: x=1183, y=455, w=176, h=184
[2026-05-17 00:38:06] 开始解码二维码: 176x184
[2026-05-17 00:38:06] 生成二维码: 681 字符
[2026-05-17 00:38:06] 二维码生成成功
[2026-05-17 00:38:06] 解码成功: 681 字符
[2026-05-17 00:38:18] 生成二维码: 0 字符
[2026-05-17 00:38:18] 生成二维码: 1068 字符
[2026-05-17 00:38:18] 二维码生成成功
[2026-05-17 00:38:19] 开始截图识别
[2026-05-17 00:38:21] 截图区域: x=1177, y=439, w=203, h=212
[2026-05-17 00:38:21] 开始解码二维码: 203x212
[2026-05-17 00:38:21] 生成二维码: 1068 字符
[2026-05-17 00:38:21] 二维码生成成功
[2026-05-17 00:38:21] 解码成功: 1068 字符
[2026-05-17 00:38:23] 生成二维码: 0 字符
[2026-05-17 00:38:24] 开始截图识别
[2026-05-17 00:38:26] 截图区域: x=1176, y=435, w=219, h=208
[2026-05-17 00:38:26] 开始解码二维码: 219x208
[2026-05-17 00:38:26] 生成二维码: 7 字符
[2026-05-17 00:38:26] 二维码生成成功
[2026-05-17 00:38:26] 未识别到二维码
[2026-05-17 00:38:30] 生成二维码: 8 字符
[2026-05-17 00:38:30] 二维码生成成功
[2026-05-17 00:38:30] 生成二维码: 9 字符
[2026-05-17 00:38:30] 二维码生成成功
[2026-05-17 00:38:30] 生成二维码: 10 字符
[2026-05-17 00:38:30] 二维码生成成功
[2026-05-17 00:38:30] 生成二维码: 11 字符
[2026-05-17 00:38:30] 二维码生成成功
[2026-05-17 00:38:30] 生成二维码: 12 字符
[2026-05-17 00:38:30] 二维码生成成功
[2026-05-17 00:38:32] 开始截图识别
[2026-05-17 00:38:34] 截图区域: x=1156, y=432, w=245, h=220
[2026-05-17 00:38:34] 开始解码二维码: 245x220
[2026-05-17 00:38:34] 生成二维码: 7 字符
[2026-05-17 00:38:34] 二维码生成成功
[2026-05-17 00:38:34] 未识别到二维码
[2026-05-17 00:38:37] 开始截图识别
[2026-05-17 00:38:40] 截图区域: x=1182, y=447, w=202, h=199
[2026-05-17 00:38:40] 开始解码二维码: 202x199
[2026-05-17 00:38:40] 未识别到二维码
[2026-05-17 00:38:44] 开始截图识别
[2026-05-17 00:38:45] 截图区域: x=1189, y=432, w=236, h=217
[2026-05-17 00:38:45] 开始解码二维码: 236x217
[2026-05-17 00:38:45] 未识别到二维码
[2026-05-17 00:38:46] 开始截图识别
[2026-05-17 00:38:47] 截图区域: x=1172, y=434, w=222, h=227
[2026-05-17 00:38:47] 开始解码二维码: 222x227
[2026-05-17 00:38:47] 未识别到二维码
[2026-05-17 00:38:48] 开始截图识别
[2026-05-17 00:38:49] 截图区域: x=1154, y=430, w=233, h=219
[2026-05-17 00:38:49] 开始解码二维码: 233x219
[2026-05-17 00:38:49] 生成二维码: 1068 字符
[2026-05-17 00:38:49] 二维码生成成功
[2026-05-17 00:38:49] 解码成功: 1068 字符
[2026-05-17 00:40:33] 程序启动
[2026-05-17 00:40:33] UI构建完成
[2026-05-17 00:40:49] 程序启动
[2026-05-17 00:40:49] UI构建完成
[2026-05-17 00:40:56] 生成二维码: 41 字符
[2026-05-17 00:40:56] 二维码生成成功
[2026-05-17 00:40:57] 开始截图识别
[2026-05-17 00:40:59] 截图区域: x=1172, y=433, w=211, h=216
[2026-05-17 00:40:59] 开始解码二维码: 211x216
[2026-05-17 00:40:59] 生成二维码: 41 字符
[2026-05-17 00:40:59] 二维码生成成功
[2026-05-17 00:40:59] 解码成功: 41 字符
[2026-05-17 00:41:05] 生成二维码: 0 字符
[2026-05-17 00:41:05] 生成二维码: 1068 字符
[2026-05-17 00:41:05] 二维码生成成功
[2026-05-17 00:41:05] 开始截图识别
[2026-05-17 00:41:07] 截图区域: x=1172, y=437, w=213, h=207
[2026-05-17 00:41:07] 开始解码二维码: 213x207
[2026-05-17 00:41:07] 生成二维码: 1068 字符
[2026-05-17 00:41:07] 二维码生成成功
[2026-05-17 00:41:07] 解码成功: 1068 字符
[2026-05-17 00:41:12] 生成二维码: 1068 字符
[2026-05-17 00:41:12] 二维码生成成功
[2026-05-17 00:41:12] 生成二维码: 1068 字符
[2026-05-17 00:41:12] 二维码生成成功
[2026-05-17 00:41:13] 生成二维码: 1068 字符
[2026-05-17 00:41:13] 二维码生成成功
[2026-05-17 00:41:13] 生成二维码: 1068 字符
[2026-05-17 00:41:13] 二维码生成成功
[2026-05-17 00:41:13] 生成二维码: 1068 字符
[2026-05-17 00:41:13] 二维码生成成功
[2026-05-17 00:41:13] 生成二维码: 1068 字符
[2026-05-17 00:41:13] 二维码生成成功
[2026-05-17 00:41:33] 生成二维码: 0 字符
[2026-05-17 00:41:33] 生成二维码: 1189 字符
[2026-05-17 00:41:33] 生成二维码失败: Data too big
   at ZXing.QrCode.Internal.Encoder.chooseVersion(Int32 numInputBits, ErrorCorrectionLevel ecLevel)
   at ZXing.QrCode.Internal.Encoder.recommendVersion(ErrorCorrectionLevel ecLevel, Mode mode, BitArray headerBits, BitArray dataBits)
   at ZXing.QrCode.Internal.Encoder.encode(String content, ErrorCorrectionLevel ecLevel, IDictionary`2 hints)
   at ZXing.QrCode.QRCodeWriter.encode(String contents, BarcodeFormat format, Int32 width, Int32 height, IDictionary`2 hints)
   at ZXing.MultiFormatWriter.encode(String contents, BarcodeFormat format, Int32 width, Int32 height, IDictionary`2 hints)
   at ZXing.BarcodeWriterGeneric.Encode(String contents)
   at ZXing.BarcodeWriter`1.Write(String contents)
   at QRCodeTool.Form1.GenerateQr(String content) in D:\huliang\java\ideaworkspace\jonesDevtools\QR_GENERATORBYC#V1\QRCodeTool\Form1.cs:line 123
[2026-05-17 00:42:03] 生成二维码: 0 字符
[2026-05-17 00:42:03] 生成二维码: 1189 字符
[2026-05-17 00:42:03] 生成二维码失败: Data too big
   at ZXing.QrCode.Internal.Encoder.chooseVersion(Int32 numInputBits, ErrorCorrectionLevel ecLevel)
   at ZXing.QrCode.Internal.Encoder.recommendVersion(ErrorCorrectionLevel ecLevel, Mode mode, BitArray headerBits, BitArray dataBits)
   at ZXing.QrCode.Internal.Encoder.encode(String content, ErrorCorrectionLevel ecLevel, IDictionary`2 hints)
   at ZXing.QrCode.QRCodeWriter.encode(String contents, BarcodeFormat format, Int32 width, Int32 height, IDictionary`2 hints)
   at ZXing.MultiFormatWriter.encode(String contents, BarcodeFormat format, Int32 width, Int32 height, IDictionary`2 hints)
   at ZXing.BarcodeWriterGeneric.Encode(String contents)
   at ZXing.BarcodeWriter`1.Write(String contents)
   at QRCodeTool.Form1.GenerateQr(String content) in D:\huliang\java\ideaworkspace\jonesDevtools\QR_GENERATORBYC#V1\QRCodeTool\Form1.cs:line 123
[2026-05-17 00:43:34] 程序启动
[2026-05-17 00:43:34] UI构建完成
[2026-05-17 00:44:05] 生成二维码: 1189 字符
[2026-05-17 00:44:05] 二维码生成成功
[2026-05-17 00:44:25] 程序启动
[2026-05-17 00:44:25] UI构建完成
[2026-05-17 00:44:34] 开始截图识别
[2026-05-17 00:44:37] 截图区域: x=1153, y=424, w=255, h=249
[2026-05-17 00:44:37] 开始解码二维码: 255x249
[2026-05-17 00:44:37] 生成二维码: 1189 字符
[2026-05-17 00:44:37] 二维码生成成功
[2026-05-17 00:44:37] 解码成功: 1189 字符
[2026-05-17 00:45:20] 生成二维码: 0 字符
[2026-05-17 00:45:20] 生成二维码: 1891 字符
[2026-05-17 00:45:20] 二维码生成成功
[2026-05-17 00:45:23] 生成二维码: 0 字符
[2026-05-17 00:45:24] 开始截图识别
[2026-05-17 00:45:26] 截图区域: x=1167, y=434, w=220, h=222
[2026-05-17 00:45:26] 开始解码二维码: 220x222
[2026-05-17 00:45:27] 生成二维码: 7 字符
[2026-05-17 00:45:27] 二维码生成成功
[2026-05-17 00:45:27] 未识别到二维码
[2026-05-17 00:45:43] 生成二维码: 0 字符
[2026-05-17 00:45:43] 生成二维码: 1514 字符
[2026-05-17 00:45:43] 二维码生成成功
[2026-05-17 00:45:44] 开始截图识别
[2026-05-17 00:45:48] 截图区域: x=1146, y=412, w=268, h=269
[2026-05-17 00:45:48] 开始解码二维码: 268x269
[2026-05-17 00:45:48] 生成二维码: 1514 字符
[2026-05-17 00:45:48] 二维码生成成功
[2026-05-17 00:45:48] 解码成功: 1514 字符
[2026-05-17 00:46:03] 生成二维码: 0 字符
[2026-05-17 00:46:03] 生成二维码: 1635 字符
[2026-05-17 00:46:03] 二维码生成成功
[2026-05-17 00:46:04] 开始截图识别
[2026-05-17 00:46:07] 截图区域: x=1143, y=411, w=277, h=272
[2026-05-17 00:46:07] 开始解码二维码: 277x272
[2026-05-17 00:46:07] 生成二维码: 1635 字符
[2026-05-17 00:46:07] 二维码生成成功
[2026-05-17 00:46:07] 解码成功: 1635 字符
[2026-05-17 00:46:09] 生成二维码: 0 字符
[2026-05-17 00:46:10] 开始截图识别
[2026-05-17 00:46:14] 截图区域: x=1142, y=408, w=274, h=273
[2026-05-17 00:46:14] 开始解码二维码: 274x273
[2026-05-17 00:46:14] 生成二维码: 1635 字符
[2026-05-17 00:46:14] 二维码生成成功
[2026-05-17 00:46:14] 解码成功: 1635 字符
[2026-05-17 00:55:57] 程序启动
[2026-05-17 00:55:57] UI构建完成
[2026-05-17 00:56:24] 生成二维码: 2352 字符
[2026-05-17 00:56:24] 二维码生成成功
[2026-05-17 00:56:35] 程序启动
[2026-05-17 00:56:35] UI构建完成
[2026-05-17 00:56:38] 开始截图识别
[2026-05-17 00:56:41] 截图区域: x=1154, y=422, w=249, h=248
[2026-05-17 00:56:41] 开始解码二维码: 249x248
[2026-05-17 00:56:42] 生成二维码: 7 字符
[2026-05-17 00:56:42] 二维码生成成功
[2026-05-17 00:56:42] 未识别到二维码
[2026-05-17 00:59:13] 程序启动
[2026-05-17 00:59:13] UI构建完成
[2026-05-17 00:59:16] 生成二维码: 2352 字符
[2026-05-17 00:59:16] 二维码生成成功
[2026-05-17 00:59:28] 程序启动
[2026-05-17 00:59:28] UI构建完成
[2026-05-17 00:59:35] 开始截图识别
[2026-05-17 00:59:39] 截图区域: x=841, y=428, w=266, h=253
[2026-05-17 00:59:39] 开始解码二维码: 266x253
[2026-05-17 01:00:24] 程序启动
[2026-05-17 01:00:24] UI构建完成
[2026-05-17 01:00:28] 开始截图识别
[2026-05-17 01:00:32] 截图区域: x=843, y=425, w=258, h=251
[2026-05-17 01:00:32] 开始解码二维码: 258x251
[2026-05-17 01:00:36] 生成二维码: 2352 字符
[2026-05-17 01:00:36] 二维码生成成功
[2026-05-17 01:00:36] 解码成功: 2352 字符
[2026-05-17 01:00:46] 生成二维码: 0 字符
[2026-05-17 01:00:46] 生成二维码: 2422 字符
[2026-05-17 01:00:46] 二维码生成成功
[2026-05-17 01:01:01] 生成二维码: 0 字符
[2026-05-17 01:01:01] 生成二维码: 2601 字符
[2026-05-17 01:01:01] 二维码生成成功
[2026-05-17 01:01:04] 生成二维码: 0 字符
[2026-05-17 01:01:05] 生成二维码: 2601 字符
[2026-05-17 01:01:05] 二维码生成成功
[2026-05-17 01:01:06] 开始截图识别
[2026-05-17 01:01:09] 截图区域: x=842, y=422, w=261, h=263
[2026-05-17 01:01:09] 开始解码二维码: 261x263
[2026-05-17 01:01:09] 生成二维码: 2601 字符
[2026-05-17 01:01:09] 二维码生成成功
[2026-05-17 01:01:09] 解码成功: 2601 字符
[2026-05-17 01:01:11] 生成二维码: 0 字符
[2026-05-17 01:01:13] 开始截图识别
[2026-05-17 01:01:15] 截图区域: x=837, y=421, w=265, h=264
[2026-05-17 01:01:15] 开始解码二维码: 265x264
[2026-05-17 01:01:16] 生成二维码: 2601 字符
[2026-05-17 01:01:16] 二维码生成成功
[2026-05-17 01:01:16] 解码成功: 2601 字符
[2026-05-17 01:01:43] 生成二维码: 0 字符
[2026-05-17 01:01:43] 生成二维码: 5485 字符
[2026-05-17 01:01:43] 生成二维码失败: Data too big
   at ZXing.QrCode.Internal.Encoder.chooseVersion(Int32 numInputBits, ErrorCorrectionLevel ecLevel)
   at ZXing.QrCode.Internal.Encoder.recommendVersion(ErrorCorrectionLevel ecLevel, Mode mode, BitArray headerBits, BitArray dataBits)
   at ZXing.QrCode.Internal.Encoder.encode(String content, ErrorCorrectionLevel ecLevel, IDictionary`2 hints)
   at ZXing.QrCode.QRCodeWriter.encode(String contents, BarcodeFormat format, Int32 width, Int32 height, IDictionary`2 hints)
   at ZXing.MultiFormatWriter.encode(String contents, BarcodeFormat format, Int32 width, Int32 height, IDictionary`2 hints)
   at ZXing.BarcodeWriterGeneric.Encode(String contents)
   at ZXing.BarcodeWriter`1.Write(String contents)
   at QRCodeTool.Form1.GenerateQr(String content) in D:\huliang\java\ideaworkspace\jonesDevtools\QR_GENERATORBYC#V1\QRCodeTool\Form1.cs:line 123
[2026-05-17 01:01:53] 生成二维码: 0 字符
[2026-05-17 01:01:53] 生成二维码: 2928 字符
[2026-05-17 01:01:53] 生成二维码失败: Data too big
   at ZXing.QrCode.Internal.Encoder.chooseVersion(Int32 numInputBits, ErrorCorrectionLevel ecLevel)
   at ZXing.QrCode.Internal.Encoder.recommendVersion(ErrorCorrectionLevel ecLevel, Mode mode, BitArray headerBits, BitArray dataBits)
   at ZXing.QrCode.Internal.Encoder.encode(String content, ErrorCorrectionLevel ecLevel, IDictionary`2 hints)
   at ZXing.QrCode.QRCodeWriter.encode(String contents, BarcodeFormat format, Int32 width, Int32 height, IDictionary`2 hints)
   at ZXing.MultiFormatWriter.encode(String contents, BarcodeFormat format, Int32 width, Int32 height, IDictionary`2 hints)
   at ZXing.BarcodeWriterGeneric.Encode(String contents)
   at ZXing.BarcodeWriter`1.Write(String contents)
   at QRCodeTool.Form1.GenerateQr(String content) in D:\huliang\java\ideaworkspace\jonesDevtools\QR_GENERATORBYC#V1\QRCodeTool\Form1.cs:line 123
[2026-05-17 01:02:05] 生成二维码: 0 字符
[2026-05-17 01:02:05] 生成二维码: 2601 字符
[2026-05-17 01:02:05] 二维码生成成功
[2026-05-17 01:02:06] 开始截图识别
[2026-05-17 01:02:08] 截图区域: x=839, y=420, w=269, h=267
[2026-05-17 01:02:08] 开始解码二维码: 269x267
[2026-05-17 01:02:09] 解码成功: 2601 字符
[2026-05-17 01:02:10] 生成二维码: 0 字符
[2026-05-17 01:02:11] 开始截图识别
[2026-05-17 01:02:14] 截图区域: x=838, y=418, w=265, h=263
[2026-05-17 01:02:14] 开始解码二维码: 265x263
[2026-05-17 01:02:15] 生成二维码: 2601 字符
[2026-05-17 01:02:15] 二维码生成成功
[2026-05-17 01:02:15] 解码成功: 2601 字符
[2026-05-17 01:02:33] 生成二维码: 0 字符
[2026-05-17 01:02:33] 生成二维码: 2784 字符
[2026-05-17 01:02:33] 生成二维码失败: Data too big
   at ZXing.QrCode.Internal.Encoder.chooseVersion(Int32 numInputBits, ErrorCorrectionLevel ecLevel)
   at ZXing.QrCode.Internal.Encoder.recommendVersion(ErrorCorrectionLevel ecLevel, Mode mode, BitArray headerBits, BitArray dataBits)
   at ZXing.QrCode.Internal.Encoder.encode(String content, ErrorCorrectionLevel ecLevel, IDictionary`2 hints)
   at ZXing.QrCode.QRCodeWriter.encode(String contents, BarcodeFormat format, Int32 width, Int32 height, IDictionary`2 hints)
   at ZXing.MultiFormatWriter.encode(String contents, BarcodeFormat format, Int32 width, Int32 height, IDictionary`2 hints)
   at ZXing.BarcodeWriterGeneric.Encode(String contents)
   at ZXing.BarcodeWriter`1.Write(String contents)
   at QRCodeTool.Form1.GenerateQr(String content) in D:\huliang\java\ideaworkspace\jonesDevtools\QR_GENERATORBYC#V1\QRCodeTool\Form1.cs:line 123
[2026-05-17 01:02:39] 生成二维码: 2687 字符
[2026-05-17 01:02:39] 生成二维码失败: Data too big
   at ZXing.QrCode.Internal.Encoder.chooseVersion(Int32 numInputBits, ErrorCorrectionLevel ecLevel)
   at ZXing.QrCode.Internal.Encoder.recommendVersion(ErrorCorrectionLevel ecLevel, Mode mode, BitArray headerBits, BitArray dataBits)
   at ZXing.QrCode.Internal.Encoder.encode(String content, ErrorCorrectionLevel ecLevel, IDictionary`2 hints)
   at ZXing.QrCode.QRCodeWriter.encode(String contents, BarcodeFormat format, Int32 width, Int32 height, IDictionary`2 hints)
   at ZXing.MultiFormatWriter.encode(String contents, BarcodeFormat format, Int32 width, Int32 height, IDictionary`2 hints)
   at ZXing.BarcodeWriterGeneric.Encode(String contents)
   at ZXing.BarcodeWriter`1.Write(String contents)
   at QRCodeTool.Form1.GenerateQr(String content) in D:\huliang\java\ideaworkspace\jonesDevtools\QR_GENERATORBYC#V1\QRCodeTool\Form1.cs:line 123
[2026-05-17 01:02:42] 生成二维码: 2601 字符
[2026-05-17 01:02:42] 二维码生成成功
[2026-05-17 01:02:43] 生成二维码: 2601 字符
[2026-05-17 01:02:43] 二维码生成成功
[2026-05-17 01:02:45] 生成二维码: 0 字符
[2026-05-17 01:02:47] 开始截图识别
[2026-05-17 01:02:49] 截图区域: x=836, y=421, w=277, h=269
[2026-05-17 01:02:49] 开始解码二维码: 277x269
[2026-05-17 01:02:50] 生成二维码: 2601 字符
[2026-05-17 01:02:50] 二维码生成成功
[2026-05-17 01:02:50] 解码成功: 2601 字符
[2026-05-17 01:03:57] 开始截图识别
[2026-05-17 01:03:59] 截图区域: x=1411, y=555, w=159, h=136
[2026-05-17 01:03:59] 开始解码二维码: 159x136
[2026-05-17 01:07:35] 程序启动
[2026-05-17 01:07:35] UI构建完成
[2026-05-17 01:07:39] 生成二维码: 2601 字符
[2026-05-17 01:07:39] 二维码生成成功
[2026-05-17 01:07:54] 程序启动
[2026-05-17 01:07:54] UI构建完成
[2026-05-17 01:07:58] 开始截图识别
[2026-05-17 01:08:01] 截图区域: x=1151, y=418, w=259, h=261
[2026-05-17 01:08:01] 开始解码二维码: 259x261
[2026-05-17 01:08:01] 解码失败: Parameter is not valid.
[2026-05-17 01:08:01] 生成二维码: 29 字符
[2026-05-17 01:08:01] 二维码生成成功
[2026-05-17 01:08:03] 开始截图识别
[2026-05-17 01:08:06] 截图区域: x=1145, y=415, w=267, h=258
[2026-05-17 01:08:06] 开始解码二维码: 267x258
[2026-05-17 01:08:06] 解码失败: Parameter is not valid.
[2026-05-17 01:08:10] 生成二维码: 0 字符
[2026-05-17 01:08:13] 生成二维码: 1 字符
[2026-05-17 01:08:13] 二维码生成成功
[2026-05-17 01:08:13] 生成二维码: 2 字符
[2026-05-17 01:08:13] 二维码生成成功
[2026-05-17 01:08:13] 生成二维码: 3 字符
[2026-05-17 01:08:13] 二维码生成成功
[2026-05-17 01:08:13] 生成二维码: 4 字符
[2026-05-17 01:08:13] 二维码生成成功
[2026-05-17 01:08:13] 生成二维码: 5 字符
[2026-05-17 01:08:13] 二维码生成成功
[2026-05-17 01:08:13] 生成二维码: 6 字符
[2026-05-17 01:08:13] 二维码生成成功
[2026-05-17 01:08:13] 生成二维码: 7 字符
[2026-05-17 01:08:13] 二维码生成成功
[2026-05-17 01:08:13] 生成二维码: 8 字符
[2026-05-17 01:08:13] 二维码生成成功
[2026-05-17 01:08:14] 开始截图识别
[2026-05-17 01:08:16] 截图区域: x=1133, y=399, w=293, h=295
[2026-05-17 01:08:16] 开始解码二维码: 293x295
[2026-05-17 01:08:16] 解码失败: Object is currently in use elsewhere.
[2026-05-17 01:08:16] 生成二维码: 43 字符
[2026-05-17 01:08:16] 二维码生成成功
[2026-05-17 01:09:58] 程序启动
[2026-05-17 01:09:58] UI构建完成
[2026-05-17 01:10:02] 生成二维码: 2601 字符
[2026-05-17 01:10:03] 二维码生成成功
[2026-05-17 01:10:11] 程序启动
[2026-05-17 01:10:11] UI构建完成
[2026-05-17 01:10:15] 开始截图识别
[2026-05-17 01:10:19] 截图区域: x=1148, y=419, w=261, h=255
[2026-05-17 01:10:19] 开始解码二维码: 261x255
[2026-05-17 01:10:19] 生成二维码: 2601 字符
[2026-05-17 01:10:19] 二维码生成成功
[2026-05-17 01:10:19] 解码成功: 2601 字符
[2026-05-17 01:10:44] 生成二维码: 2601 字符
[2026-05-17 01:10:44] 二维码生成成功
[2026-05-17 01:10:44] 生成二维码: 2604 字符
[2026-05-17 01:10:44] 二维码生成成功
[2026-05-17 01:10:44] 生成二维码: 2605 字符
[2026-05-17 01:10:44] 二维码生成成功
[2026-05-17 01:10:44] 生成二维码: 2606 字符
[2026-05-17 01:10:44] 二维码生成成功
[2026-05-17 01:10:45] 生成二维码: 2607 字符
[2026-05-17 01:10:45] 二维码生成成功
[2026-05-17 01:10:45] 生成二维码: 2608 字符
[2026-05-17 01:10:45] 二维码生成成功
[2026-05-17 01:10:45] 生成二维码: 2609 字符
[2026-05-17 01:10:45] 二维码生成成功
[2026-05-17 01:10:45] 生成二维码: 2610 字符
[2026-05-17 01:10:45] 二维码生成成功
[2026-05-17 01:10:45] 生成二维码: 2611 字符
[2026-05-17 01:10:45] 二维码生成成功
[2026-05-17 01:10:45] 生成二维码: 2612 字符
[2026-05-17 01:10:45] 二维码生成成功
[2026-05-17 01:10:45] 生成二维码: 2613 字符
[2026-05-17 01:10:45] 二维码生成成功
[2026-05-17 01:10:45] 生成二维码: 2614 字符
[2026-05-17 01:10:45] 二维码生成成功
[2026-05-17 01:10:45] 生成二维码: 2615 字符
[2026-05-17 01:10:45] 二维码生成成功
[2026-05-17 01:10:45] 生成二维码: 2616 字符
[2026-05-17 01:10:45] 二维码生成成功
[2026-05-17 01:10:45] 生成二维码: 2617 字符
[2026-05-17 01:10:46] 二维码生成成功
[2026-05-17 01:10:46] 生成二维码: 2618 字符
[2026-05-17 01:10:46] 二维码生成成功
[2026-05-17 01:10:46] 生成二维码: 2619 字符
[2026-05-17 01:10:46] 二维码生成成功
[2026-05-17 01:10:46] 生成二维码: 2620 字符
[2026-05-17 01:10:46] 二维码生成成功
[2026-05-17 01:10:46] 生成二维码: 2621 字符
[2026-05-17 01:10:46] 二维码生成成功
[2026-05-17 01:10:46] 生成二维码: 2622 字符
[2026-05-17 01:10:46] 二维码生成成功
[2026-05-17 01:10:46] 生成二维码: 2623 字符
[2026-05-17 01:10:46] 二维码生成成功
[2026-05-17 01:10:46] 生成二维码: 2624 字符
[2026-05-17 01:10:46] 二维码生成成功
[2026-05-17 01:10:46] 生成二维码: 2625 字符
[2026-05-17 01:10:46] 二维码生成成功
[2026-05-17 01:10:47] 生成二维码: 2625 字符
[2026-05-17 01:10:47] 二维码生成成功
[2026-05-17 01:10:47] 生成二维码: 2628 字符
[2026-05-17 01:10:47] 二维码生成成功
[2026-05-17 01:10:47] 生成二维码: 2629 字符
[2026-05-17 01:10:47] 二维码生成成功
[2026-05-17 01:10:47] 生成二维码: 2630 字符
[2026-05-17 01:10:47] 二维码生成成功
[2026-05-17 01:10:47] 生成二维码: 2631 字符
[2026-05-17 01:10:47] 二维码生成成功
[2026-05-17 01:10:47] 生成二维码: 2632 字符
[2026-05-17 01:10:47] 二维码生成成功
[2026-05-17 01:10:47] 生成二维码: 2633 字符
[2026-05-17 01:10:47] 二维码生成成功
[2026-05-17 01:10:47] 生成二维码: 2634 字符
[2026-05-17 01:10:48] 二维码生成成功
[2026-05-17 01:10:48] 生成二维码: 2635 字符
[2026-05-17 01:10:48] 二维码生成成功
[2026-05-17 01:10:48] 生成二维码: 2636 字符
[2026-05-17 01:10:48] 二维码生成成功
[2026-05-17 01:10:48] 生成二维码: 2637 字符
[2026-05-17 01:10:48] 二维码生成成功
[2026-05-17 01:10:48] 生成二维码: 2638 字符
[2026-05-17 01:10:48] 二维码生成成功
[2026-05-17 01:10:48] 生成二维码: 2639 字符
[2026-05-17 01:10:48] 二维码生成成功
[2026-05-17 01:10:48] 生成二维码: 2640 字符
[2026-05-17 01:10:48] 二维码生成成功
[2026-05-17 01:10:48] 生成二维码: 2641 字符
[2026-05-17 01:10:48] 二维码生成成功
[2026-05-17 01:10:48] 生成二维码: 2642 字符
[2026-05-17 01:10:48] 二维码生成成功
[2026-05-17 01:10:48] 生成二维码: 2643 字符
[2026-05-17 01:10:48] 二维码生成成功
[2026-05-17 01:10:49] 生成二维码: 2643 字符
[2026-05-17 01:10:49] 二维码生成成功
[2026-05-17 01:10:49] 生成二维码: 2646 字符
[2026-05-17 01:10:49] 二维码生成成功
[2026-05-17 01:10:49] 生成二维码: 2647 字符
[2026-05-17 01:10:49] 二维码生成成功
[2026-05-17 01:10:49] 生成二维码: 2648 字符
[2026-05-17 01:10:49] 二维码生成成功
[2026-05-17 01:10:49] 生成二维码: 2649 字符
[2026-05-17 01:10:49] 二维码生成成功
[2026-05-17 01:10:49] 生成二维码: 2650 字符
[2026-05-17 01:10:49] 二维码生成成功
[2026-05-17 01:10:49] 生成二维码: 2651 字符
[2026-05-17 01:10:49] 二维码生成成功
[2026-05-17 01:10:49] 生成二维码: 2652 字符
[2026-05-17 01:10:49] 二维码生成成功
[2026-05-17 01:10:49] 生成二维码: 2653 字符
[2026-05-17 01:10:49] 二维码生成成功
[2026-05-17 01:10:50] 生成二维码: 2654 字符
[2026-05-17 01:10:50] 二维码生成成功
[2026-05-17 01:10:50] 生成二维码: 2655 字符
[2026-05-17 01:10:50] 二维码生成成功
[2026-05-17 01:10:50] 生成二维码: 2656 字符
[2026-05-17 01:10:50] 二维码生成成功
[2026-05-17 01:10:50] 生成二维码: 2657 字符
[2026-05-17 01:10:50] 二维码生成成功
[2026-05-17 01:10:50] 生成二维码: 2658 字符
[2026-05-17 01:10:50] 二维码生成成功
[2026-05-17 01:10:50] 生成二维码: 2659 字符
[2026-05-17 01:10:50] 二维码生成成功
[2026-05-17 01:10:50] 生成二维码: 2660 字符
[2026-05-17 01:10:50] 二维码生成成功
[2026-05-17 01:10:50] 生成二维码: 2661 字符
[2026-05-17 01:10:50] 二维码生成成功
[2026-05-17 01:10:50] 生成二维码: 2662 字符
[2026-05-17 01:10:50] 二维码生成成功
[2026-05-17 01:10:51] 生成二维码: 2663 字符
[2026-05-17 01:10:51] 二维码生成成功
[2026-05-17 01:10:51] 生成二维码: 2664 字符
[2026-05-17 01:10:51] 二维码生成成功
[2026-05-17 01:10:51] 生成二维码: 2665 字符
[2026-05-17 01:10:51] 二维码生成成功
[2026-05-17 01:10:51] 生成二维码: 2666 字符
[2026-05-17 01:10:51] 二维码生成成功
[2026-05-17 01:10:51] 生成二维码: 2667 字符
[2026-05-17 01:10:51] 二维码生成成功
[2026-05-17 01:10:51] 生成二维码: 2668 字符
[2026-05-17 01:10:51] 二维码生成成功
[2026-05-17 01:10:51] 生成二维码: 2669 字符
[2026-05-17 01:10:51] 二维码生成成功
[2026-05-17 01:10:51] 生成二维码: 2670 字符
[2026-05-17 01:10:51] 二维码生成成功
[2026-05-17 01:10:52] 生成二维码: 2670 字符
[2026-05-17 01:10:52] 二维码生成成功
[2026-05-17 01:10:52] 生成二维码: 2673 字符
[2026-05-17 01:10:52] 二维码生成成功
[2026-05-17 01:10:52] 生成二维码: 2674 字符
[2026-05-17 01:10:52] 二维码生成成功
[2026-05-17 01:10:52] 生成二维码: 2675 字符
[2026-05-17 01:10:52] 二维码生成成功
[2026-05-17 01:10:52] 生成二维码: 2676 字符
[2026-05-17 01:10:52] 二维码生成成功
[2026-05-17 01:10:52] 生成二维码: 2677 字符
[2026-05-17 01:10:52] 二维码生成成功
[2026-05-17 01:10:52] 生成二维码: 2678 字符
[2026-05-17 01:10:52] 二维码生成成功
[2026-05-17 01:10:52] 生成二维码: 2679 字符
[2026-05-17 01:10:52] 二维码生成成功
[2026-05-17 01:10:52] 生成二维码: 2680 字符
[2026-05-17 01:10:52] 二维码生成成功
[2026-05-17 01:10:52] 生成二维码: 2681 字符
[2026-05-17 01:10:52] 二维码生成成功
[2026-05-17 01:10:53] 生成二维码: 2682 字符
[2026-05-17 01:10:53] 二维码生成成功
[2026-05-17 01:10:53] 生成二维码: 2683 字符
[2026-05-17 01:10:53] 二维码生成成功
[2026-05-17 01:10:53] 生成二维码: 2684 字符
[2026-05-17 01:10:53] 二维码生成成功
[2026-05-17 01:10:53] 生成二维码: 2685 字符
[2026-05-17 01:10:53] 二维码生成成功
[2026-05-17 01:10:53] 生成二维码: 2686 字符
[2026-05-17 01:10:53] 二维码生成成功
[2026-05-17 01:10:53] 生成二维码: 2687 字符
[2026-05-17 01:10:53] 二维码生成成功
[2026-05-17 01:10:53] 生成二维码: 2688 字符
[2026-05-17 01:10:53] 二维码生成成功
[2026-05-17 01:10:53] 生成二维码: 2689 字符
[2026-05-17 01:10:53] 二维码生成成功
[2026-05-17 01:10:53] 生成二维码: 2690 字符
[2026-05-17 01:10:53] 二维码生成成功
[2026-05-17 01:10:54] 生成二维码: 2691 字符
[2026-05-17 01:10:54] 二维码生成成功
[2026-05-17 01:10:54] 生成二维码: 2691 字符
[2026-05-17 01:10:54] 二维码生成成功
[2026-05-17 01:10:54] 生成二维码: 2694 字符
[2026-05-17 01:10:54] 二维码生成成功
[2026-05-17 01:10:54] 生成二维码: 2695 字符
[2026-05-17 01:10:54] 二维码生成成功
[2026-05-17 01:10:54] 生成二维码: 2696 字符
[2026-05-17 01:10:54] 二维码生成成功
[2026-05-17 01:10:54] 生成二维码: 2697 字符
[2026-05-17 01:10:54] 二维码生成成功
[2026-05-17 01:10:54] 生成二维码: 2698 字符
[2026-05-17 01:10:54] 二维码生成成功
[2026-05-17 01:10:54] 生成二维码: 2699 字符
[2026-05-17 01:10:55] 二维码生成成功
[2026-05-17 01:10:55] 生成二维码: 2700 字符
[2026-05-17 01:10:55] 二维码生成成功
[2026-05-17 01:10:55] 生成二维码: 2701 字符
[2026-05-17 01:10:55] 二维码生成成功
[2026-05-17 01:10:55] 生成二维码: 2702 字符
[2026-05-17 01:10:55] 二维码生成成功
[2026-05-17 01:10:55] 生成二维码: 2703 字符
[2026-05-17 01:10:55] 二维码生成成功
[2026-05-17 01:10:57] 生成二维码: 0 字符
[2026-05-17 01:10:58] 开始截图识别
[2026-05-17 01:11:01] 截图区域: x=1145, y=412, w=263, h=265
[2026-05-17 01:11:01] 开始解码二维码: 263x265
[2026-05-17 01:11:23] 开始截图识别
[2026-05-17 01:11:26] 截图区域: x=1148, y=410, w=271, h=265
[2026-05-17 01:11:26] 开始解码二维码: 271x265
[2026-05-17 01:11:29] 生成二维码: 2601 字符
[2026-05-17 01:11:29] 二维码生成成功
[2026-05-17 01:11:30] 开始截图识别
[2026-05-17 01:11:33] 截图区域: x=1142, y=410, w=273, h=268
[2026-05-17 01:11:33] 开始解码二维码: 273x268
[2026-05-17 01:11:33] 生成二维码: 2601 字符
[2026-05-17 01:11:33] 二维码生成成功
[2026-05-17 01:11:33] 解码成功: 2601 字符
[2026-05-17 01:11:36] 生成二维码: 2601 字符
[2026-05-17 01:11:36] 二维码生成成功
[2026-05-17 01:11:36] 生成二维码: 2604 字符
[2026-05-17 01:11:36] 二维码生成成功
[2026-05-17 01:11:36] 生成二维码: 2605 字符
[2026-05-17 01:11:36] 二维码生成成功
[2026-05-17 01:11:36] 生成二维码: 2606 字符
[2026-05-17 01:11:36] 二维码生成成功
[2026-05-17 01:11:36] 生成二维码: 2607 字符
[2026-05-17 01:11:36] 二维码生成成功
[2026-05-17 01:11:36] 生成二维码: 2608 字符
[2026-05-17 01:11:36] 二维码生成成功
[2026-05-17 01:11:37] 生成二维码: 2609 字符
[2026-05-17 01:11:37] 二维码生成成功
[2026-05-17 01:11:37] 生成二维码: 2610 字符
[2026-05-17 01:11:37] 二维码生成成功
[2026-05-17 01:11:37] 生成二维码: 2611 字符
[2026-05-17 01:11:37] 二维码生成成功
[2026-05-17 01:11:37] 生成二维码: 2612 字符
[2026-05-17 01:11:37] 二维码生成成功
[2026-05-17 01:11:40] 生成二维码: 0 字符
[2026-05-17 01:11:41] 开始截图识别
[2026-05-17 01:11:44] 截图区域: x=1151, y=413, w=266, h=265
[2026-05-17 01:11:44] 开始解码二维码: 266x265
[2026-05-17 01:13:41] 程序启动
[2026-05-17 01:13:41] UI构建完成
[2026-05-17 01:14:11] 生成二维码: 2601 字符
[2026-05-17 01:14:11] 二维码生成成功
[2026-05-17 01:14:21] 程序启动
[2026-05-17 01:14:21] UI构建完成
[2026-05-17 01:14:26] 开始截图识别
[2026-05-17 01:14:29] 截图区域: x=1146, y=414, w=265, h=261
[2026-05-17 01:14:29] 开始解码二维码: 265x261
[2026-05-17 01:14:30] 生成二维码: 2601 字符
[2026-05-17 01:14:30] 二维码生成成功
[2026-05-17 01:14:30] 解码成功: 2601 字符
[2026-05-17 01:14:33] 生成二维码: 2601 字符
[2026-05-17 01:14:33] 二维码生成成功
[2026-05-17 01:14:33] 生成二维码: 2604 字符
[2026-05-17 01:14:33] 二维码生成成功
[2026-05-17 01:14:33] 生成二维码: 2605 字符
[2026-05-17 01:14:33] 二维码生成成功
[2026-05-17 01:14:34] 生成二维码: 2606 字符
[2026-05-17 01:14:34] 二维码生成成功
[2026-05-17 01:14:34] 生成二维码: 2607 字符
[2026-05-17 01:14:34] 二维码生成成功
[2026-05-17 01:14:34] 生成二维码: 2608 字符
[2026-05-17 01:14:34] 二维码生成成功
[2026-05-17 01:14:34] 生成二维码: 2609 字符
[2026-05-17 01:14:34] 二维码生成成功
[2026-05-17 01:14:34] 生成二维码: 2610 字符
[2026-05-17 01:14:34] 二维码生成成功
[2026-05-17 01:14:34] 生成二维码: 2611 字符
[2026-05-17 01:14:34] 二维码生成成功
[2026-05-17 01:14:34] 生成二维码: 2612 字符
[2026-05-17 01:14:34] 二维码生成成功
[2026-05-17 01:14:34] 生成二维码: 2613 字符
[2026-05-17 01:14:34] 二维码生成成功
[2026-05-17 01:14:34] 生成二维码: 2614 字符
[2026-05-17 01:14:34] 二维码生成成功
[2026-05-17 01:14:35] 生成二维码: 2615 字符
[2026-05-17 01:14:35] 二维码生成成功
[2026-05-17 01:14:35] 生成二维码: 2616 字符
[2026-05-17 01:14:35] 二维码生成成功
[2026-05-17 01:14:35] 生成二维码: 2617 字符
[2026-05-17 01:14:35] 二维码生成成功
[2026-05-17 01:14:35] 生成二维码: 2618 字符
[2026-05-17 01:14:35] 二维码生成成功
[2026-05-17 01:14:35] 生成二维码: 2619 字符
[2026-05-17 01:14:35] 二维码生成成功
[2026-05-17 01:14:35] 生成二维码: 2620 字符
[2026-05-17 01:14:35] 二维码生成成功
[2026-05-17 01:14:35] 生成二维码: 2621 字符
[2026-05-17 01:14:35] 二维码生成成功
[2026-05-17 01:14:35] 生成二维码: 2622 字符
[2026-05-17 01:14:35] 二维码生成成功
[2026-05-17 01:14:35] 生成二维码: 2623 字符
[2026-05-17 01:14:35] 二维码生成成功
[2026-05-17 01:14:35] 生成二维码: 2624 字符
[2026-05-17 01:14:35] 二维码生成成功
[2026-05-17 01:14:35] 生成二维码: 2625 字符
[2026-05-17 01:14:35] 二维码生成成功
[2026-05-17 01:14:35] 生成二维码: 2626 字符
[2026-05-17 01:14:35] 二维码生成成功
[2026-05-17 01:14:37] 开始截图识别
[2026-05-17 01:14:40] 截图区域: x=1147, y=412, w=264, h=266
[2026-05-17 01:14:40] 开始解码二维码: 264x266
[2026-05-17 01:14:45] 生成二维码: 0 字符
[2026-05-17 01:14:46] 开始截图识别
[2026-05-17 01:14:49] 截图区域: x=1151, y=416, w=263, h=266
[2026-05-17 01:14:49] 开始解码二维码: 263x266
[2026-05-17 01:14:49] 生成二维码: 5 字符
[2026-05-17 01:14:49] 二维码生成成功
[2026-05-17 01:14:49] 识别已取消
[2026-05-17 01:14:51] 开始截图识别
[2026-05-17 01:14:55] 截图区域: x=1148, y=417, w=262, h=259
[2026-05-17 01:14:55] 开始解码二维码: 262x259
[2026-05-17 01:14:55] 识别已取消
[2026-05-17 01:15:04] 生成二维码: 4 字符
[2026-05-17 01:15:04] 二维码生成成功
[2026-05-17 01:15:04] 生成二维码: 3 字符
[2026-05-17 01:15:04] 二维码生成成功
[2026-05-17 01:15:05] 生成二维码: 2 字符
[2026-05-17 01:15:05] 生成二维码失败: 'Shift_JIS' is not a supported encoding name. For information on defining a custom encoding, see the documentation for the Encoding.RegisterProvider method. (Parameter 'name')
   at System.Text.EncodingTable.InternalGetCodePageFromName(String name)
   at System.Text.EncodingTable.GetCodePageFromName(String name)
   at System.Text.Encoding.GetEncoding(String name)
   at ZXing.QrCode.Internal.Encoder.appendKanjiBytes(String content, BitArray bits)
   at ZXing.QrCode.Internal.Encoder.appendBytes(String content, Mode mode, BitArray bits, Encoding encoding)
   at ZXing.QrCode.Internal.Encoder.encode(String content, ErrorCorrectionLevel ecLevel, IDictionary`2 hints)
   at ZXing.QrCode.QRCodeWriter.encode(String contents, BarcodeFormat format, Int32 width, Int32 height, IDictionary`2 hints)
   at ZXing.MultiFormatWriter.encode(String contents, BarcodeFormat format, Int32 width, Int32 height, IDictionary`2 hints)
   at ZXing.BarcodeWriterGeneric.Encode(String contents)
   at ZXing.BarcodeWriter`1.Write(String contents)
   at QRCodeTool.Form1.GenerateQr(String content) in D:\huliang\java\ideaworkspace\jonesDevtools\QR_GENERATORBYC#V1\QRCodeTool\Form1.cs:line 134
[2026-05-17 01:15:08] 生成二维码: 1 字符
[2026-05-17 01:15:08] 二维码生成成功
[2026-05-17 01:15:09] 生成二维码: 0 字符
[2026-05-17 01:15:10] 开始截图识别
[2026-05-17 01:15:12] 截图区域: x=1145, y=412, w=267, h=265
[2026-05-17 01:15:12] 开始解码二维码: 267x265
[2026-05-17 01:15:27] 程序启动
[2026-05-17 01:15:28] UI构建完成
[2026-05-17 01:15:32] 开始截图识别
[2026-05-17 01:15:34] 截图区域: x=1147, y=415, w=264, h=260
[2026-05-17 01:15:34] 开始解码二维码: 264x260
[2026-05-17 01:15:45] 生成二维码: 2601 字符
[2026-05-17 01:15:45] 二维码生成成功
[2026-05-17 01:15:45] 生成二维码: 2601 字符
[2026-05-17 01:15:45] 二维码生成成功
[2026-05-17 01:15:46] 开始截图识别
[2026-05-17 01:15:49] 截图区域: x=1145, y=419, w=272, h=257
[2026-05-17 01:15:49] 开始解码二维码: 272x257
[2026-05-17 01:15:49] 生成二维码: 2601 字符
[2026-05-17 01:15:49] 二维码生成成功
[2026-05-17 01:15:49] 解码成功: 2601 字符
[2026-05-17 01:15:54] 开始截图识别
[2026-05-17 01:15:56] 截图区域: x=1364, y=937, w=0, h=0
[2026-05-17 01:15:56] 生成二维码: 4 字符
[2026-05-17 01:15:56] 二维码生成成功
[2026-05-17 01:15:56] 选区过小
[2026-05-17 01:15:57] 生成二维码: 0 字符
[2026-05-17 01:16:00] 生成二维码: 2602 字符
[2026-05-17 01:16:00] 二维码生成成功
[2026-05-17 01:16:00] 生成二维码: 2603 字符
[2026-05-17 01:16:00] 二维码生成成功
[2026-05-17 01:16:00] 生成二维码: 2604 字符
[2026-05-17 01:16:00] 二维码生成成功
[2026-05-17 01:16:00] 生成二维码: 2605 字符
[2026-05-17 01:16:00] 二维码生成成功
[2026-05-17 01:16:00] 生成二维码: 2606 字符
[2026-05-17 01:16:00] 二维码生成成功
[2026-05-17 01:16:01] 开始截图识别
[2026-05-17 01:16:04] 截图区域: x=1147, y=415, w=260, h=263
[2026-05-17 01:16:04] 开始解码二维码: 260x263
[2026-05-17 01:16:05] 生成二维码: 2606 字符
[2026-05-17 01:16:05] 二维码生成成功
[2026-05-17 01:16:05] 解码成功: 2606 字符
[2026-05-17 01:16:10] 生成二维码: 2606 字符
[2026-05-17 01:16:10] 二维码生成成功
[2026-05-17 01:16:11] 生成二维码: 2609 字符
[2026-05-17 01:16:11] 二维码生成成功
[2026-05-17 01:16:11] 生成二维码: 2610 字符
[2026-05-17 01:16:11] 二维码生成成功
[2026-05-17 01:16:11] 生成二维码: 2611 字符
[2026-05-17 01:16:11] 二维码生成成功
[2026-05-17 01:16:11] 生成二维码: 2612 字符
[2026-05-17 01:16:11] 二维码生成成功
[2026-05-17 01:16:14] 生成二维码: 0 字符
[2026-05-17 01:16:15] 开始截图识别
[2026-05-17 01:16:18] 截图区域: x=1147, y=415, w=264, h=263
[2026-05-17 01:16:18] 开始解码二维码: 264x263
[2026-05-17 01:16:41] 生成二维码: 2606 字符
[2026-05-17 01:16:41] 二维码生成成功
[2026-05-17 01:16:41] 生成二维码: 2606 字符
[2026-05-17 01:16:41] 二维码生成成功
[2026-05-17 01:16:43] 开始截图识别
[2026-05-17 01:16:45] 截图区域: x=1151, y=413, w=258, h=262
[2026-05-17 01:16:45] 开始解码二维码: 258x262
[2026-05-17 01:16:46] 生成二维码: 2606 字符
[2026-05-17 01:16:46] 二维码生成成功
[2026-05-17 01:16:46] 解码成功: 2606 字符
[2026-05-17 01:19:00] 程序启动
[2026-05-17 01:19:00] UI构建完成
[2026-05-17 01:19:09] 生成二维码: 2601 字符
[2026-05-17 01:19:10] 二维码生成成功
[2026-05-17 01:19:18] 程序启动
[2026-05-17 01:19:18] UI构建完成
[2026-05-17 01:19:22] 开始截图识别
[2026-05-17 01:19:26] 截图区域: x=1150, y=414, w=259, h=263
[2026-05-17 01:19:26] 开始解码二维码: 259x263
[2026-05-17 01:19:26] 生成二维码: 2601 字符
[2026-05-17 01:19:26] 二维码生成成功
[2026-05-17 01:19:26] 解码成功: 2601 字符
[2026-05-17 01:19:32] 生成二维码: 2602 字符
[2026-05-17 01:19:32] 二维码生成成功
[2026-05-17 01:19:32] 生成二维码: 2603 字符
[2026-05-17 01:19:32] 二维码生成成功
[2026-05-17 01:19:32] 生成二维码: 2604 字符
[2026-05-17 01:19:32] 二维码生成成功
[2026-05-17 01:19:32] 生成二维码: 2605 字符
[2026-05-17 01:19:32] 二维码生成成功
[2026-05-17 01:19:33] 开始截图识别
[2026-05-17 01:19:37] 截图区域: x=1149, y=417, w=266, h=260
[2026-05-17 01:19:37] 开始解码二维码: 266x260
[2026-05-17 01:19:38] 生成二维码: 2605 字符
[2026-05-17 01:19:38] 二维码生成成功
[2026-05-17 01:19:38] 解码成功: 2605 字符
[2026-05-17 01:20:05] 开始截图识别
[2026-05-17 01:20:09] 截图区域: x=1148, y=415, w=260, h=262
[2026-05-17 01:20:09] 开始解码二维码: 260x262
[2026-05-17 01:20:10] 解码成功: 2605 字符
[2026-05-17 01:20:12] 开始截图识别
[2026-05-17 01:20:17] 截图区域: x=1147, y=416, w=263, h=263
[2026-05-17 01:20:17] 开始解码二维码: 263x263
[2026-05-17 01:20:18] 解码成功: 2605 字符
[2026-05-17 01:21:09] 开始截图识别
[2026-05-17 01:21:16] 截图区域: x=1150, y=414, w=255, h=258
[2026-05-17 01:21:16] 开始解码二维码: 255x258
[2026-05-17 01:21:16] 解码成功: 2605 字符
[2026-05-17 01:21:17] 开始截图识别
[2026-05-17 01:21:23] 截图区域: x=1149, y=416, w=259, h=261
[2026-05-17 01:21:23] 开始解码二维码: 259x261
[2026-05-17 01:21:24] 解码成功: 2605 字符
[2026-05-17 01:23:52] 程序启动
[2026-05-17 01:23:52] UI构建完成
[2026-05-17 01:24:00] 程序启动
[2026-05-17 01:24:00] UI构建完成
[2026-05-17 01:24:07] 生成二维码: 2601 字符
[2026-05-17 01:24:07] 二维码生成成功
[2026-05-17 01:24:08] 开始截图识别
[2026-05-17 01:24:11] 截图区域: x=1145, y=416, w=266, h=264
[2026-05-17 01:24:11] 开始解码二维码: 266x264
[2026-05-17 01:24:22] 开始截图识别
[2026-05-17 01:24:26] 截图区域: x=1151, y=417, w=257, h=260
[2026-05-17 01:24:26] 开始解码二维码: 257x260
[2026-05-17 01:24:34] 生成二维码: 0 字符
[2026-05-17 01:24:35] 生成二维码: 1 字符
[2026-05-17 01:24:35] 二维码生成成功
[2026-05-17 01:24:35] 生成二维码: 2 字符
[2026-05-17 01:24:35] 二维码生成成功
[2026-05-17 01:24:35] 生成二维码: 3 字符
[2026-05-17 01:24:35] 二维码生成成功
[2026-05-17 01:24:35] 生成二维码: 4 字符
[2026-05-17 01:24:35] 二维码生成成功
[2026-05-17 01:24:35] 生成二维码: 5 字符
[2026-05-17 01:24:35] 二维码生成成功
[2026-05-17 01:24:35] 生成二维码: 6 字符
[2026-05-17 01:24:35] 二维码生成成功
[2026-05-17 01:24:35] 生成二维码: 7 字符
[2026-05-17 01:24:36] 二维码生成成功
[2026-05-17 01:24:36] 开始截图识别
[2026-05-17 01:24:41] 截图区域: x=1138, y=405, w=283, h=286
[2026-05-17 01:24:41] 开始解码二维码: 283x286
[2026-05-17 01:24:41] 生成二维码: 7 字符
[2026-05-17 01:24:41] 二维码生成成功
[2026-05-17 01:24:41] 解码成功: 7 字符
[2026-05-17 01:24:43] 生成二维码: 0 字符
[2026-05-17 01:24:43] 生成二维码: 2601 字符
[2026-05-17 01:24:43] 二维码生成成功
[2026-05-17 01:24:45] 开始截图识别
[2026-05-17 01:24:48] 截图区域: x=1144, y=414, w=268, h=265
[2026-05-17 01:24:48] 开始解码二维码: 268x265
[2026-05-17 01:25:27] 开始截图识别
[2026-05-17 01:25:32] 截图区域: x=1149, y=417, w=260, h=262
[2026-05-17 01:25:32] 开始解码二维码: 260x262
[2026-05-17 01:25:48] 生成二维码: 2455 字符
[2026-05-17 01:25:48] 二维码生成成功
[2026-05-17 01:25:49] 开始截图识别
[2026-05-17 01:25:51] 截图区域: x=1155, y=421, w=248, h=248
[2026-05-17 01:25:51] 开始解码二维码: 248x248
[2026-05-17 01:25:55] 生成二维码: 0 字符
[2026-05-17 01:25:57] 生成二维码: 1514 字符
[2026-05-17 01:25:57] 二维码生成成功
[2026-05-17 01:25:58] 开始截图识别
[2026-05-17 01:26:03] 截图区域: x=1146, y=414, w=266, h=266
[2026-05-17 01:26:03] 开始解码二维码: 266x266
[2026-05-17 01:26:06] 生成二维码: 682 字符
[2026-05-17 01:26:06] 二维码生成成功
[2026-05-17 01:26:07] 开始截图识别
[2026-05-17 01:26:09] 生成二维码: 1514 字符
[2026-05-17 01:26:09] 二维码生成成功
[2026-05-17 01:26:09] 解码成功: 1514 字符
[2026-05-17 01:26:11] 截图区域: x=1146, y=410, w=267, h=277
[2026-05-17 01:26:11] 开始解码二维码: 267x277
[2026-05-17 01:26:11] 生成二维码: 682 字符
[2026-05-17 01:26:11] 二维码生成成功
[2026-05-17 01:26:11] 解码成功: 682 字符
[2026-05-17 01:26:15] 生成二维码: 0 字符
[2026-05-17 01:26:15] 生成二维码: 2601 字符
[2026-05-17 01:26:15] 二维码生成成功
[2026-05-17 01:26:16] 开始截图识别
[2026-05-17 01:26:20] 截图区域: x=1149, y=409, w=259, h=271
[2026-05-17 01:26:20] 开始解码二维码: 259x271
[2026-05-17 01:26:27] 生成二维码: 0 字符
[2026-05-17 01:26:28] 开始截图识别
[2026-05-17 01:26:32] 截图区域: x=1145, y=415, w=270, h=265
[2026-05-17 01:26:32] 开始解码二维码: 270x265
[2026-05-17 01:26:32] 生成二维码: 5 字符
[2026-05-17 01:26:32] 二维码生成成功
[2026-05-17 01:26:32] 识别已取消
[2026-05-17 01:26:34] 开始截图识别
[2026-05-17 01:26:38] 截图区域: x=1148, y=413, w=261, h=265
[2026-05-17 01:26:38] 开始解码二维码: 261x265
[2026-05-17 01:26:39] 识别已取消
[2026-05-17 01:26:45] 生成二维码: 2422 字符
[2026-05-17 01:26:45] 二维码生成成功
[2026-05-17 01:27:26] 识别已取消
[2026-05-17 01:27:35] 识别已取消
[2026-05-17 01:28:12] 识别已取消
[2026-05-17 01:28:25] 生成二维码: 0 字符
[2026-05-17 01:28:25] 生成二维码: 2601 字符
[2026-05-17 01:28:25] 二维码生成成功
[2026-05-17 01:28:27] 开始截图识别
[2026-05-17 01:28:31] 截图区域: x=1150, y=414, w=258, h=267
[2026-05-17 01:28:31] 开始解码二维码: 258x267
[2026-05-17 01:28:40] 程序启动
[2026-05-17 01:28:40] UI构建完成
[2026-05-17 01:28:44] 开始截图识别
[2026-05-17 01:28:48] 截图区域: x=1148, y=415, w=262, h=264
[2026-05-17 01:28:48] 开始解码二维码: 262x264
[2026-05-17 01:31:07] 程序启动
[2026-05-17 01:31:07] UI构建完成
[2026-05-17 01:31:14] 生成二维码: 2601 字符
[2026-05-17 01:31:14] 二维码生成成功
[2026-05-17 01:31:21] 程序启动
[2026-05-17 01:31:21] UI构建完成
[2026-05-17 01:31:25] 开始截图识别
[2026-05-17 01:31:29] 截图区域: x=1150, y=416, w=261, h=262
[2026-05-17 01:31:29] 开始解码二维码: 261x262
[2026-05-17 01:33:39] 程序启动
[2026-05-17 01:33:39] UI构建完成
[2026-05-17 01:33:49] 程序启动
[2026-05-17 01:33:49] UI构建完成
[2026-05-17 01:33:53] 生成二维码: 2601 字符
[2026-05-17 01:33:53] 二维码生成成功
[2026-05-17 01:33:54] 开始截图识别
[2026-05-17 01:33:58] 截图区域: x=1149, y=417, w=263, h=265
[2026-05-17 01:33:58] 开始解码二维码: 263x265
[2026-05-17 01:37:23] 程序启动
[2026-05-17 01:37:24] UI构建完成
[2026-05-17 01:37:26] 生成二维码: 21 字符
[2026-05-17 01:37:26] 二维码生成成功
[2026-05-17 01:37:29] 生成二维码: 0 字符
[2026-05-17 01:37:39] 生成二维码: 2601 字符
[2026-05-17 01:37:39] 二维码生成成功
[2026-05-17 01:37:48] 程序启动
[2026-05-17 01:37:48] UI构建完成
[2026-05-17 01:37:55] 开始截图识别
[2026-05-17 01:37:59] 截图区域: x=1150, y=417, w=263, h=262
[2026-05-17 01:37:59] 开始解码二维码: 263x262
[2026-05-17 01:41:00] 程序启动
[2026-05-17 01:41:00] UI构建完成
[2026-05-17 01:41:11] 生成二维码: 2601 字符
[2026-05-17 01:41:11] 二维码生成成功
[2026-05-17 01:41:18] 程序启动
[2026-05-17 01:41:18] UI构建完成
[2026-05-17 01:41:22] 开始截图识别
[2026-05-17 01:41:25] 截图区域: x=1146, y=418, w=262, h=262
[2026-05-17 01:41:25] 开始解码二维码: 262x262
[2026-05-17 01:45:29] 程序启动
[2026-05-17 01:45:29] UI构建完成
[2026-05-17 01:45:43] 生成二维码: 2601 字符
[2026-05-17 01:45:43] 二维码生成成功
[2026-05-17 01:45:50] 程序启动
[2026-05-17 01:45:50] UI构建完成
[2026-05-17 01:45:53] 开始截图识别
[2026-05-17 01:45:57] 截图区域: x=1145, y=413, w=264, h=267
[2026-05-17 01:45:57] 开始解码二维码: 264x267
[2026-05-17 01:46:09] 生成二维码: 7 字符
[2026-05-17 01:46:10] 二维码生成成功
[2026-05-17 01:46:10] 未识别到二维码
[2026-05-17 01:47:41] 程序启动
[2026-05-17 01:47:41] UI构建完成
[2026-05-17 01:48:17] 程序启动
[2026-05-17 01:48:17] UI构建完成
[2026-05-17 01:50:20] 程序启动
[2026-05-17 01:50:20] UI构建完成
[2026-05-17 01:52:46] 程序启动
[2026-05-17 01:52:46] UI构建完成
[2026-05-17 01:53:04] 生成二维码: 2601 字符
[2026-05-17 01:53:04] 二维码生成成功
[2026-05-17 01:53:09] 开始截图识别
[2026-05-17 01:53:12] 截图区域: x=841, y=433, w=259, h=265
[2026-05-17 01:53:12] 开始解码二维码: 259x265
[2026-05-17 01:53:16] 生成二维码: 7 字符
[2026-05-17 01:53:16] 二维码生成成功
[2026-05-17 01:53:16] 未识别到二维码
[2026-05-17 01:53:21] 生成二维码: 1386 字符
[2026-05-17 01:53:21] 二维码生成成功
[2026-05-17 01:53:22] 开始截图识别
[2026-05-17 01:53:25] 截图区域: x=839, y=435, w=265, h=261
[2026-05-17 01:53:25] 开始解码二维码: 265x261
[2026-05-17 01:53:29] 未识别到二维码
[2026-05-17 01:53:34] 生成二维码: 126 字符
[2026-05-17 01:53:34] 二维码生成成功
[2026-05-17 01:53:35] 开始截图识别
[2026-05-17 01:53:39] 截图区域: x=826, y=422, w=291, h=290
[2026-05-17 01:53:39] 开始解码二维码: 291x290
[2026-05-17 01:53:43] 未识别到二维码
[2026-05-17 01:53:46] 生成二维码: 9 字符
[2026-05-17 01:53:46] 二维码生成成功
[2026-05-17 01:53:47] 开始截图识别
[2026-05-17 01:53:49] 截图区域: x=822, y=414, w=302, h=297
[2026-05-17 01:53:49] 开始解码二维码: 302x297
[2026-05-17 01:53:50] 生成二维码: 9 字符
[2026-05-17 01:53:50] 二维码生成成功
[2026-05-17 01:53:50] 解码成功: 9 字符
[2026-05-17 01:53:55] 生成二维码: 16 字符
[2026-05-17 01:53:55] 二维码生成成功
[2026-05-17 01:53:55] 生成二维码: 17 字符
[2026-05-17 01:53:55] 二维码生成成功
[2026-05-17 01:53:55] 生成二维码: 18 字符
[2026-05-17 01:53:55] 二维码生成成功
[2026-05-17 01:53:55] 生成二维码: 19 字符
[2026-05-17 01:53:55] 二维码生成成功
[2026-05-17 01:53:55] 生成二维码: 20 字符
[2026-05-17 01:53:55] 二维码生成成功
[2026-05-17 01:53:55] 生成二维码: 21 字符
[2026-05-17 01:53:55] 二维码生成成功
[2026-05-17 01:53:55] 生成二维码: 22 字符
[2026-05-17 01:53:55] 二维码生成成功
[2026-05-17 01:53:56] 开始截图识别
[2026-05-17 01:53:58] 截图区域: x=824, y=420, w=307, h=292
[2026-05-17 01:53:58] 开始解码二维码: 307x292
[2026-05-17 01:53:58] 生成二维码: 22 字符
[2026-05-17 01:53:58] 二维码生成成功
[2026-05-17 01:53:59] 解码成功: 22 字符
[2026-05-17 01:54:00] 生成二维码: 0 字符
[2026-05-17 01:54:00] 生成二维码: 2601 字符
[2026-05-17 01:54:00] 二维码生成成功
[2026-05-17 01:54:02] 开始截图识别
[2026-05-17 01:54:04] 截图区域: x=816, y=412, w=315, h=291
[2026-05-17 01:54:04] 开始解码二维码: 315x291
[2026-05-17 01:54:09] 生成二维码: 7 字符
[2026-05-17 01:54:09] 二维码生成成功
[2026-05-17 01:54:09] 未识别到二维码
[2026-05-17 01:54:12] 生成二维码: 2422 字符
[2026-05-17 01:54:12] 二维码生成成功
[2026-05-17 01:54:13] 生成二维码: 2422 字符
[2026-05-17 01:54:13] 二维码生成成功
[2026-05-17 01:54:13] 生成二维码: 2421 字符
[2026-05-17 01:54:13] 二维码生成成功
[2026-05-17 01:54:13] 生成二维码: 2420 字符
[2026-05-17 01:54:13] 二维码生成成功
[2026-05-17 01:54:13] 生成二维码: 2419 字符
[2026-05-17 01:54:13] 二维码生成成功
[2026-05-17 01:54:13] 生成二维码: 2418 字符
[2026-05-17 01:54:13] 二维码生成成功
[2026-05-17 01:54:13] 生成二维码: 2416 字符
[2026-05-17 01:54:13] 二维码生成成功
[2026-05-17 01:54:13] 生成二维码: 2416 字符
[2026-05-17 01:54:13] 二维码生成成功
[2026-05-17 01:54:13] 生成二维码: 2415 字符
[2026-05-17 01:54:13] 二维码生成成功
[2026-05-17 01:54:13] 生成二维码: 2414 字符
[2026-05-17 01:54:13] 二维码生成成功
[2026-05-17 01:54:13] 生成二维码: 2413 字符
[2026-05-17 01:54:13] 二维码生成成功
[2026-05-17 01:54:13] 生成二维码: 2412 字符
[2026-05-17 01:54:13] 二维码生成成功
[2026-05-17 01:54:13] 生成二维码: 2411 字符
[2026-05-17 01:54:13] 二维码生成成功
[2026-05-17 01:54:13] 生成二维码: 2410 字符
[2026-05-17 01:54:13] 二维码生成成功
[2026-05-17 01:54:13] 生成二维码: 2409 字符
[2026-05-17 01:54:13] 二维码生成成功
[2026-05-17 01:54:13] 生成二维码: 2408 字符
[2026-05-17 01:54:13] 二维码生成成功
[2026-05-17 01:54:13] 生成二维码: 2407 字符
[2026-05-17 01:54:13] 二维码生成成功
[2026-05-17 01:54:13] 生成二维码: 2406 字符
[2026-05-17 01:54:13] 二维码生成成功
[2026-05-17 01:54:13] 生成二维码: 2405 字符
[2026-05-17 01:54:13] 二维码生成成功
[2026-05-17 01:54:13] 生成二维码: 2404 字符
[2026-05-17 01:54:14] 二维码生成成功
[2026-05-17 01:54:14] 生成二维码: 2403 字符
[2026-05-17 01:54:14] 二维码生成成功
[2026-05-17 01:54:14] 生成二维码: 2402 字符
[2026-05-17 01:54:14] 二维码生成成功
[2026-05-17 01:54:14] 生成二维码: 2401 字符
[2026-05-17 01:54:14] 二维码生成成功
[2026-05-17 01:54:14] 生成二维码: 2400 字符
[2026-05-17 01:54:14] 二维码生成成功
[2026-05-17 01:54:14] 生成二维码: 2399 字符
[2026-05-17 01:54:14] 二维码生成成功
[2026-05-17 01:54:14] 生成二维码: 2398 字符
[2026-05-17 01:54:14] 二维码生成成功
[2026-05-17 01:54:14] 生成二维码: 2397 字符
[2026-05-17 01:54:14] 二维码生成成功
[2026-05-17 01:54:14] 生成二维码: 2396 字符
[2026-05-17 01:54:14] 二维码生成成功
[2026-05-17 01:54:14] 生成二维码: 2395 字符
[2026-05-17 01:54:14] 二维码生成成功
[2026-05-17 01:54:14] 生成二维码: 2394 字符
[2026-05-17 01:54:14] 二维码生成成功
[2026-05-17 01:54:14] 生成二维码: 2393 字符
[2026-05-17 01:54:14] 二维码生成成功
[2026-05-17 01:54:14] 生成二维码: 2386 字符
[2026-05-17 01:54:14] 二维码生成成功
[2026-05-17 01:54:14] 生成二维码: 2386 字符
[2026-05-17 01:54:14] 二维码生成成功
[2026-05-17 01:54:14] 生成二维码: 2386 字符
[2026-05-17 01:54:14] 二维码生成成功
[2026-05-17 01:54:14] 生成二维码: 2386 字符
[2026-05-17 01:54:14] 二维码生成成功
[2026-05-17 01:54:14] 生成二维码: 2386 字符
[2026-05-17 01:54:14] 二维码生成成功
[2026-05-17 01:54:14] 生成二维码: 2386 字符
[2026-05-17 01:54:14] 二维码生成成功
[2026-05-17 01:54:14] 生成二维码: 2385 字符
[2026-05-17 01:54:14] 二维码生成成功
[2026-05-17 01:54:14] 生成二维码: 2383 字符
[2026-05-17 01:54:14] 二维码生成成功
[2026-05-17 01:54:14] 生成二维码: 2383 字符
[2026-05-17 01:54:14] 二维码生成成功
[2026-05-17 01:54:14] 生成二维码: 2382 字符
[2026-05-17 01:54:14] 二维码生成成功
[2026-05-17 01:54:14] 生成二维码: 2380 字符
[2026-05-17 01:54:14] 二维码生成成功
[2026-05-17 01:54:14] 生成二维码: 2380 字符
[2026-05-17 01:54:14] 二维码生成成功
[2026-05-17 01:54:14] 生成二维码: 2379 字符
[2026-05-17 01:54:14] 二维码生成成功
[2026-05-17 01:54:14] 生成二维码: 2378 字符
[2026-05-17 01:54:14] 二维码生成成功
[2026-05-17 01:54:14] 生成二维码: 2377 字符
[2026-05-17 01:54:14] 二维码生成成功
[2026-05-17 01:54:14] 生成二维码: 2376 字符
[2026-05-17 01:54:14] 二维码生成成功
[2026-05-17 01:54:14] 生成二维码: 2375 字符
[2026-05-17 01:54:14] 二维码生成成功
[2026-05-17 01:54:14] 生成二维码: 2374 字符
[2026-05-17 01:54:14] 二维码生成成功
[2026-05-17 01:54:14] 生成二维码: 2373 字符
[2026-05-17 01:54:14] 二维码生成成功
[2026-05-17 01:54:15] 生成二维码: 2372 字符
[2026-05-17 01:54:15] 二维码生成成功
[2026-05-17 01:54:15] 生成二维码: 2370 字符
[2026-05-17 01:54:15] 二维码生成成功
[2026-05-17 01:54:15] 生成二维码: 2370 字符
[2026-05-17 01:54:15] 二维码生成成功
[2026-05-17 01:54:15] 生成二维码: 2369 字符
[2026-05-17 01:54:15] 二维码生成成功
[2026-05-17 01:54:15] 生成二维码: 2368 字符
[2026-05-17 01:54:15] 二维码生成成功
[2026-05-17 01:54:15] 生成二维码: 2367 字符
[2026-05-17 01:54:15] 二维码生成成功
[2026-05-17 01:54:15] 生成二维码: 2366 字符
[2026-05-17 01:54:15] 二维码生成成功
[2026-05-17 01:54:15] 生成二维码: 2365 字符
[2026-05-17 01:54:15] 二维码生成成功
[2026-05-17 01:54:15] 生成二维码: 2352 字符
[2026-05-17 01:54:15] 二维码生成成功
[2026-05-17 01:54:15] 生成二维码: 2352 字符
[2026-05-17 01:54:15] 二维码生成成功
[2026-05-17 01:54:15] 生成二维码: 2352 字符
[2026-05-17 01:54:15] 二维码生成成功
[2026-05-17 01:54:15] 生成二维码: 2352 字符
[2026-05-17 01:54:15] 二维码生成成功
[2026-05-17 01:54:15] 生成二维码: 2352 字符
[2026-05-17 01:54:15] 二维码生成成功
[2026-05-17 01:54:15] 生成二维码: 2352 字符
[2026-05-17 01:54:15] 二维码生成成功
[2026-05-17 01:54:16] 生成二维码: 1598 字符
[2026-05-17 01:54:16] 二维码生成成功
[2026-05-17 01:54:17] 开始截图识别
[2026-05-17 01:54:19] 截图区域: x=811, y=415, w=324, h=305
[2026-05-17 01:54:19] 开始解码二维码: 324x305
[2026-05-17 01:54:24] 未识别到二维码
[2026-05-17 01:54:28] 生成二维码: 577 字符
[2026-05-17 01:54:28] 二维码生成成功
[2026-05-17 01:54:29] 生成二维码: 577 字符
[2026-05-17 01:54:29] 二维码生成成功
[2026-05-17 01:54:32] 生成二维码: 84 字符
[2026-05-17 01:54:32] 二维码生成成功
[2026-05-17 01:54:32] 开始截图识别
[2026-05-17 01:54:35] 截图区域: x=824, y=415, w=305, h=294
[2026-05-17 01:54:35] 开始解码二维码: 305x294
[2026-05-17 01:54:35] 生成二维码: 84 字符
[2026-05-17 01:54:35] 二维码生成成功
[2026-05-17 01:54:35] 解码成功: 84 字符
[2026-05-17 01:54:40] 生成二维码: 2691 字符
[2026-05-17 01:54:40] 生成二维码失败: Data too big
   at ZXing.QrCode.Internal.Encoder.chooseVersion(Int32 numInputBits, ErrorCorrectionLevel ecLevel)
   at ZXing.QrCode.Internal.Encoder.encode(String content, ErrorCorrectionLevel ecLevel, IDictionary`2 hints)
   at ZXing.QrCode.QRCodeWriter.encode(String contents, BarcodeFormat format, Int32 width, Int32 height, IDictionary`2 hints)
   at ZXing.BarcodeWriter`1.Write(String contents)
   at QRCodeTool.Form1.GenerateQr(String content) in D:\huliang\java\ideaworkspace\jonesDevtools\QR_GENERATORBYC#V1\QRCodeTool\Form1.cs:line 135
[2026-05-17 01:58:03] 程序启动
[2026-05-17 01:58:03] UI构建完成
[2026-05-17 01:58:43] 生成二维码: 2601 字符
[2026-05-17 01:58:43] 二维码生成成功
[2026-05-17 01:58:51] 程序启动
[2026-05-17 01:58:51] UI构建完成
[2026-05-17 01:58:55] 开始截图识别
[2026-05-17 01:58:59] 截图区域: x=1149, y=415, w=261, h=260
[2026-05-17 01:58:59] 开始解码二维码: 261x260
[2026-05-17 01:59:11] 生成二维码: 7 字符
[2026-05-17 01:59:11] 二维码生成成功
[2026-05-17 01:59:11] 未识别到二维码
[2026-05-17 01:59:16] 生成二维码: 1831 字符
[2026-05-17 01:59:16] 二维码生成成功
[2026-05-17 01:59:17] 开始截图识别
[2026-05-17 01:59:21] 截图区域: x=1130, y=401, w=297, h=293
[2026-05-17 01:59:21] 开始解码二维码: 297x293
[2026-05-17 01:59:27] 生成二维码: 1831 字符
[2026-05-17 01:59:27] 二维码生成成功
[2026-05-17 01:59:27] 解码成功: 1831 字符
[2026-05-17 01:59:36] 生成二维码: 0 字符
[2026-05-17 01:59:36] 生成二维码: 2601 字符
[2026-05-17 01:59:36] 二维码生成成功
[2026-05-17 01:59:38] 开始截图识别
[2026-05-17 01:59:41] 截图区域: x=1142, y=410, w=281, h=278
[2026-05-17 01:59:41] 开始解码二维码: 281x278
[2026-05-17 01:59:54] 生成二维码: 7 字符
[2026-05-17 01:59:54] 二维码生成成功
[2026-05-17 01:59:54] 未识别到二维码
[2026-05-17 02:00:08] 生成二维码: 2352 字符
[2026-05-17 02:00:08] 二维码生成成功
[2026-05-17 02:00:09] 开始截图识别
[2026-05-17 02:00:12] 截图区域: x=1156, y=410, w=248, h=265
[2026-05-17 02:00:12] 开始解码二维码: 248x265
[2026-05-17 02:00:23] 未识别到二维码
[2026-05-17 02:00:27] 生成二维码: 2060 字符
[2026-05-17 02:00:27] 二维码生成成功
[2026-05-17 02:00:28] 开始截图识别
[2026-05-17 02:00:31] 截图区域: x=1153, y=419, w=259, h=258
[2026-05-17 02:00:31] 开始解码二维码: 259x258
[2026-05-17 02:00:42] 未识别到二维码
[2026-05-17 02:00:45] 生成二维码: 1891 字符
[2026-05-17 02:00:45] 二维码生成成功
[2026-05-17 02:00:46] 开始截图识别
[2026-05-17 02:00:49] 截图区域: x=1111, y=396, w=332, h=302
[2026-05-17 02:00:49] 开始解码二维码: 332x302
[2026-05-17 02:00:49] 生成二维码: 1891 字符
[2026-05-17 02:00:49] 二维码生成成功
[2026-05-17 02:00:49] 解码成功: 1891 字符
[2026-05-17 02:00:53] 生成二维码: 1696 字符
[2026-05-17 02:00:53] 二维码生成成功
[2026-05-17 02:00:54] 开始截图识别
[2026-05-17 02:00:57] 截图区域: x=1137, y=408, w=283, h=282
[2026-05-17 02:00:57] 开始解码二维码: 283x282
[2026-05-17 02:01:02] 生成二维码: 1696 字符
[2026-05-17 02:01:02] 二维码生成成功
[2026-05-17 02:01:02] 解码成功: 1696 字符
[2026-05-17 02:01:12] 生成二维码: 1875 字符
[2026-05-17 02:01:12] 二维码生成成功
[2026-05-17 02:01:12] 生成二维码: 2041 字符
[2026-05-17 02:01:12] 二维码生成成功
[2026-05-17 02:01:14] 开始截图识别
[2026-05-17 02:01:16] 截图区域: x=1151, y=412, w=253, h=263
[2026-05-17 02:01:16] 开始解码二维码: 253x263
[2026-05-17 02:01:28] 生成二维码: 7 字符
[2026-05-17 02:01:28] 二维码生成成功
[2026-05-17 02:01:28] 未识别到二维码
[2026-05-17 02:05:15] 程序启动
[2026-05-17 02:05:15] UI构建完成
[2026-05-17 02:05:28] 生成二维码: 162 字符
[2026-05-17 02:05:28] 二维码生成成功
[2026-05-17 02:05:38] 生成二维码: 0 字符
[2026-05-17 02:05:38] 生成二维码: 2601 字符
[2026-05-17 02:05:38] 二维码生成成功
[2026-05-17 02:05:45] 程序启动
[2026-05-17 02:05:45] UI构建完成
[2026-05-17 02:05:49] 开始截图识别
[2026-05-17 02:05:53] 截图区域: x=1149, y=418, w=261, h=264
[2026-05-17 02:05:53] 开始解码二维码: 261x264
[2026-05-17 02:07:15] 程序启动
[2026-05-17 02:07:15] UI构建完成
[2026-05-17 02:07:17] 生成二维码: 2601 字符
[2026-05-17 02:07:17] 二维码生成成功
[2026-05-17 02:07:24] 程序启动
[2026-05-17 02:07:24] UI构建完成
[2026-05-17 02:07:28] 开始截图识别
[2026-05-17 02:07:31] 截图区域: x=1139, y=410, w=273, h=267
[2026-05-17 02:07:31] 开始解码二维码: 273x267
[2026-05-17 02:09:07] 程序启动
[2026-05-17 02:09:07] UI构建完成
[2026-05-17 02:09:23] 生成二维码: 2601 字符
[2026-05-17 02:09:24] 二维码生成成功
[2026-05-17 02:09:31] 程序启动
[2026-05-17 02:09:31] UI构建完成
[2026-05-17 02:09:34] 开始截图识别
[2026-05-17 02:09:36] 截图区域: x=1138, y=411, w=275, h=269
[2026-05-17 02:09:36] 开始解码二维码: 275x269
[2026-05-17 02:09:52] 开始截图识别
[2026-05-17 02:09:55] 截图区域: x=2216, y=401, w=0, h=0
[2026-05-17 02:09:55] 生成二维码: 4 字符
[2026-05-17 02:09:55] 二维码生成成功
[2026-05-17 02:09:55] 选区过小
[2026-05-17 02:10:00] 程序启动
[2026-05-17 02:10:00] UI构建完成
[2026-05-17 02:10:04] 开始截图识别
[2026-05-17 02:10:07] 截图区域: x=1147, y=415, w=268, h=262
[2026-05-17 02:10:07] 开始解码二维码: 268x262
[2026-05-17 02:11:47] 程序启动
[2026-05-17 02:11:47] UI构建完成
[2026-05-17 02:11:59] 生成二维码: 2601 字符
[2026-05-17 02:11:59] 二维码生成成功
[2026-05-17 02:12:14] 程序启动
[2026-05-17 02:12:14] UI构建完成
[2026-05-17 02:12:22] 开始截图识别
[2026-05-17 02:12:25] 截图区域: x=1144, y=411, w=270, h=267
[2026-05-17 02:12:25] 开始解码二维码: 270x267
[2026-05-17 02:12:28] 生成二维码: 7 字符
[2026-05-17 02:12:28] 二维码生成成功
[2026-05-17 02:12:28] 未识别到二维码
[2026-05-17 02:12:33] 生成二维码: 2422 字符
[2026-05-17 02:12:33] 二维码生成成功
[2026-05-17 02:12:34] 开始截图识别
[2026-05-17 02:12:37] 截图区域: x=1151, y=418, w=256, h=259
[2026-05-17 02:12:37] 开始解码二维码: 256x259
[2026-05-17 02:12:40] 未识别到二维码
[2026-05-17 02:12:42] 生成二维码: 2185 字符
[2026-05-17 02:12:42] 二维码生成成功
[2026-05-17 02:12:43] 开始截图识别
[2026-05-17 02:12:45] 截图区域: x=1158, y=425, w=241, h=243
[2026-05-17 02:12:46] 开始解码二维码: 241x243
[2026-05-17 02:12:48] 未识别到二维码
[2026-05-17 02:12:50] 生成二维码: 2001 字符
[2026-05-17 02:12:50] 二维码生成成功
[2026-05-17 02:12:51] 开始截图识别
[2026-05-17 02:12:53] 截图区域: x=1160, y=426, w=232, h=237
[2026-05-17 02:12:53] 开始解码二维码: 232x237
[2026-05-17 02:12:56] 未识别到二维码
[2026-05-17 02:12:58] 生成二维码: 1635 字符
[2026-05-17 02:12:58] 二维码生成成功
[2026-05-17 02:12:59] 开始截图识别
[2026-05-17 02:13:01] 截图区域: x=1141, y=408, w=281, h=278
[2026-05-17 02:13:01] 开始解码二维码: 281x278
[2026-05-17 02:13:03] 生成二维码: 1635 字符
[2026-05-17 02:13:03] 二维码生成成功
[2026-05-17 02:13:03] 解码成功: 1635 字符
[2026-05-17 02:14:40] 程序启动
[2026-05-17 02:14:40] UI构建完成
[2026-05-17 02:14:43] 生成二维码: 2601 字符
[2026-05-17 02:14:44] 二维码生成成功
[2026-05-17 02:14:55] 程序启动
[2026-05-17 02:14:55] UI构建完成
[2026-05-17 02:14:59] 开始截图识别
[2026-05-17 02:15:01] 截图区域: x=1147, y=415, w=262, h=265
[2026-05-17 02:15:01] 开始解码二维码: 262x265
[2026-05-17 02:15:07] 生成二维码: 7 字符
[2026-05-17 02:15:07] 二维码生成成功
[2026-05-17 02:15:07] 未识别到二维码
[2026-05-17 02:15:13] 生成二维码: 2386 字符
[2026-05-17 02:15:13] 二维码生成成功
[2026-05-17 02:15:14] 开始截图识别
[2026-05-17 02:15:18] 截图区域: x=1157, y=415, w=246, h=257
[2026-05-17 02:15:18] 开始解码二维码: 246x257
[2026-05-17 02:15:22] 生成二维码: 2386 字符
[2026-05-17 02:15:22] 二维码生成成功
[2026-05-17 02:15:22] 解码成功: 2386 字符
[2026-05-17 02:15:31] 生成二维码: 2386 字符
[2026-05-17 02:15:31] 二维码生成成功
[2026-05-17 02:15:32] 生成二维码: 2538 字符
[2026-05-17 02:15:32] 二维码生成成功
[2026-05-17 02:15:33] 开始截图识别
[2026-05-17 02:15:35] 截图区域: x=1155, y=417, w=255, h=257
[2026-05-17 02:15:35] 开始解码二维码: 255x257
[2026-05-17 02:15:41] 生成二维码: 7 字符
[2026-05-17 02:15:41] 二维码生成成功
[2026-05-17 02:15:41] 未识别到二维码
[2026-05-17 02:15:45] 生成二维码: 2386 字符
[2026-05-17 02:15:45] 二维码生成成功
[2026-05-17 02:15:45] 开始截图识别
[2026-05-17 02:15:48] 截图区域: x=1152, y=417, w=258, h=255
[2026-05-17 02:15:48] 开始解码二维码: 258x255
[2026-05-17 02:15:54] 未识别到二维码
[2026-05-17 02:15:56] 生成二维码: 2352 字符
[2026-05-17 02:15:56] 二维码生成成功
[2026-05-17 02:15:57] 开始截图识别
[2026-05-17 02:16:00] 截图区域: x=1153, y=419, w=255, h=258
[2026-05-17 02:16:00] 开始解码二维码: 255x258
[2026-05-17 02:16:06] 未识别到二维码
[2026-05-17 02:16:08] 生成二维码: 2245 字符
[2026-05-17 02:16:09] 二维码生成成功
[2026-05-17 02:16:10] 开始截图识别
[2026-05-17 02:16:12] 截图区域: x=1152, y=425, w=256, h=243
[2026-05-17 02:16:12] 开始解码二维码: 256x243
[2026-05-17 02:16:17] 未识别到二维码
[2026-05-17 02:16:26] 程序启动
[2026-05-17 02:16:26] UI构建完成
[2026-05-17 02:16:29] 开始截图识别
[2026-05-17 02:16:31] 截图区域: x=1156, y=422, w=248, h=241
[2026-05-17 02:16:31] 开始解码二维码: 248x241
[2026-05-17 02:16:36] 生成二维码: 7 字符
[2026-05-17 02:16:36] 二维码生成成功
[2026-05-17 02:16:36] 未识别到二维码
[2026-05-17 02:16:39] 生成二维码: 2060 字符
[2026-05-17 02:16:39] 二维码生成成功
[2026-05-17 02:16:40] 开始截图识别
[2026-05-17 02:16:43] 截图区域: x=1157, y=418, w=239, h=250
[2026-05-17 02:16:43] 开始解码二维码: 239x250
[2026-05-17 02:16:48] 未识别到二维码
[2026-05-17 02:16:51] 生成二维码: 1386 字符
[2026-05-17 02:16:51] 二维码生成成功
[2026-05-17 02:16:52] 开始截图识别
[2026-05-17 02:16:54] 截图区域: x=1151, y=414, w=260, h=266
[2026-05-17 02:16:54] 开始解码二维码: 260x266
[2026-05-17 02:16:54] 生成二维码: 1386 字符
[2026-05-17 02:16:54] 二维码生成成功
[2026-05-17 02:16:54] 解码成功: 1386 字符
[2026-05-17 02:16:58] 生成二维码: 1510 字符
[2026-05-17 02:16:58] 二维码生成成功
[2026-05-17 02:16:59] 开始截图识别
[2026-05-17 02:17:01] 截图区域: x=1143, y=413, w=274, h=275
[2026-05-17 02:17:01] 开始解码二维码: 274x275
[2026-05-17 02:17:04] 生成二维码: 1510 字符
[2026-05-17 02:17:04] 二维码生成成功
[2026-05-17 02:17:04] 解码成功: 1510 字符
[2026-05-17 02:17:09] 生成二维码: 1590 字符
[2026-05-17 02:17:09] 二维码生成成功
[2026-05-17 02:17:10] 开始截图识别
[2026-05-17 02:17:12] 截图区域: x=1142, y=405, w=271, h=278
[2026-05-17 02:17:12] 开始解码二维码: 271x278
[2026-05-17 02:17:15] 生成二维码: 1590 字符
[2026-05-17 02:17:15] 二维码生成成功
[2026-05-17 02:17:15] 解码成功: 1590 字符
[2026-05-17 02:17:18] 生成二维码: 1725 字符
[2026-05-17 02:17:19] 二维码生成成功
[2026-05-17 02:17:19] 开始截图识别
[2026-05-17 02:17:22] 截图区域: x=1135, y=401, w=288, h=286
[2026-05-17 02:17:22] 开始解码二维码: 288x286
[2026-05-17 02:17:25] 生成二维码: 1725 字符
[2026-05-17 02:17:25] 二维码生成成功
[2026-05-17 02:17:25] 解码成功: 1725 字符
[2026-05-17 02:17:30] 生成二维码: 1725 字符
[2026-05-17 02:17:30] 二维码生成成功
[2026-05-17 02:17:31] 生成二维码: 1915 字符
[2026-05-17 02:17:31] 二维码生成成功
[2026-05-17 02:17:32] 开始截图识别
[2026-05-17 02:17:34] 截图区域: x=1160, y=416, w=244, h=247
[2026-05-17 02:17:34] 开始解码二维码: 244x247
[2026-05-17 02:17:39] 生成二维码: 7 字符
[2026-05-17 02:17:39] 二维码生成成功
[2026-05-17 02:17:39] 未识别到二维码
[2026-05-17 02:19:46] 程序启动
[2026-05-17 02:19:46] UI构建完成
[2026-05-17 02:19:56] 生成二维码: 180 字符
[2026-05-17 02:19:56] 二维码生成成功
[2026-05-17 02:20:04] 程序启动
[2026-05-17 02:20:04] UI构建完成
[2026-05-17 02:20:08] 开始截图识别
[2026-05-17 02:20:10] 截图区域: x=1137, y=403, w=286, h=289
[2026-05-17 02:20:10] 开始解码二维码: 286x289
[2026-05-17 02:20:12] 解码失败: One or more errors occurred. (Object is currently in use elsewhere.) (Object is currently in use elsewhere.) (Object is currently in use elsewhere.) (Object is currently in use elsewhere.) (Object is currently in use elsewhere.) (Object is currently in use elsewhere.) (Object is currently in use elsewhere.) (Object is currently in use elsewhere.)
[2026-05-17 02:20:12] 生成二维码: 354 字符
[2026-05-17 02:20:12] 二维码生成成功
[2026-05-17 02:22:39] 程序启动
[2026-05-17 02:22:39] UI构建完成
[2026-05-17 02:24:55] 程序启动
[2026-05-17 02:24:55] UI构建完成
[2026-05-17 02:25:10] 程序启动
[2026-05-17 02:25:10] UI构建完成
[2026-05-17 02:25:23] 生成二维码: 1189 字符
[2026-05-17 02:25:23] 二维码生成成功
[2026-05-17 02:25:24] 开始截图识别
[2026-05-17 02:25:26] 截图区域: x=1086, y=473, w=251, h=255
[2026-05-17 02:25:26] 开始解码二维码: 251x255
[2026-05-17 02:25:28] 生成二维码: 1189 字符
[2026-05-17 02:25:28] 二维码生成成功
[2026-05-17 02:25:28] 解码成功: 1189 字符
[2026-05-17 02:25:32] 生成二维码: 1189 字符
[2026-05-17 02:25:32] 二维码生成成功
[2026-05-17 02:25:32] 生成二维码: 2380 字符
[2026-05-17 02:25:32] 二维码生成成功
[2026-05-17 02:25:33] 开始截图识别
[2026-05-17 02:25:36] 截图区域: x=1077, y=466, w=264, h=258
[2026-05-17 02:25:36] 开始解码二维码: 264x258
[2026-05-17 02:25:38] 生成二维码: 7 字符
[2026-05-17 02:25:38] 二维码生成成功
[2026-05-17 02:25:38] 未识别到二维码
[2026-05-17 02:25:51] 生成二维码: 0 字符
[2026-05-17 02:25:51] 生成二维码: 2601 字符
[2026-05-17 02:25:51] 二维码生成成功
[2026-05-17 02:25:52] 开始截图识别
[2026-05-17 02:25:55] 截图区域: x=1078, y=464, w=265, h=264
[2026-05-17 02:25:55] 开始解码二维码: 265x264
[2026-05-17 02:25:57] 未识别到二维码
[2026-05-17 02:26:07] 生成二维码: 1514 字符
[2026-05-17 02:26:07] 二维码生成成功
[2026-05-17 02:26:08] 开始截图识别
[2026-05-17 02:26:11] 截图区域: x=1071, y=460, w=275, h=274
[2026-05-17 02:26:11] 开始解码二维码: 275x274
[2026-05-17 02:26:13] 生成二维码: 1514 字符
[2026-05-17 02:26:13] 二维码生成成功
[2026-05-17 02:26:13] 解码成功: 1514 字符
[2026-05-17 02:26:18] 生成二维码: 1514 字符
[2026-05-17 02:26:18] 二维码生成成功
[2026-05-17 02:26:18] 生成二维码: 1833 字符
[2026-05-17 02:26:18] 二维码生成成功
[2026-05-17 02:26:20] 开始截图识别
[2026-05-17 02:26:22] 截图区域: x=1056, y=447, w=311, h=300
[2026-05-17 02:26:22] 开始解码二维码: 311x300
[2026-05-17 02:26:24] 生成二维码: 1833 字符
[2026-05-17 02:26:25] 二维码生成成功
[2026-05-17 02:26:25] 解码成功: 1833 字符
[2026-05-17 02:26:27] 生成二维码: 2152 字符
[2026-05-17 02:26:27] 二维码生成成功
[2026-05-17 02:26:28] 开始截图识别
[2026-05-17 02:26:30] 截图区域: x=1086, y=473, w=247, h=252
[2026-05-17 02:26:30] 开始解码二维码: 247x252
[2026-05-17 02:26:32] 生成二维码: 7 字符
[2026-05-17 02:26:32] 二维码生成成功
[2026-05-17 02:26:32] 未识别到二维码
[2026-05-17 02:26:45] 生成二维码: 0 字符
[2026-05-17 02:26:45] 生成二维码: 2234 字符
[2026-05-17 02:26:45] 二维码生成成功
[2026-05-17 02:26:46] 开始截图识别
[2026-05-17 02:26:49] 截图区域: x=1085, y=475, w=247, h=243
[2026-05-17 02:26:49] 开始解码二维码: 247x243
[2026-05-17 02:26:51] 未识别到二维码
[2026-05-17 02:28:59] 程序启动
[2026-05-17 02:28:59] UI构建完成
[2026-05-17 02:29:12] 生成二维码: 2234 字符
[2026-05-17 02:29:12] 二维码生成成功
[2026-05-17 02:29:31] 程序启动
[2026-05-17 02:29:31] UI构建完成
[2026-05-17 02:29:34] 开始截图识别
[2026-05-17 02:29:36] 截图区域: x=1157, y=424, w=248, h=239
[2026-05-17 02:29:36] 开始解码二维码: 248x239
[2026-05-17 02:29:39] 生成二维码: 2234 字符
[2026-05-17 02:29:39] 二维码生成成功
[2026-05-17 02:29:39] 解码成功: 2234 字符
[2026-05-17 02:29:57] 生成二维码: 0 字符
[2026-05-17 02:29:57] 生成二维码: 2601 字符
[2026-05-17 02:29:57] 二维码生成成功
[2026-05-17 02:30:09] 开始截图识别
[2026-05-17 02:30:12] 截图区域: x=630, y=268, w=270, h=264
[2026-05-17 02:30:12] 开始解码二维码: 270x264
[2026-05-17 02:30:15] 生成二维码: 7 字符
[2026-05-17 02:30:15] 二维码生成成功
[2026-05-17 02:30:15] 未识别到二维码
[2026-05-17 02:30:19] 生成二维码: 2485 字符
[2026-05-17 02:30:19] 二维码生成成功
[2026-05-17 02:30:20] 开始截图识别
[2026-05-17 02:30:23] 截图区域: x=632, y=265, w=268, h=271
[2026-05-17 02:30:23] 开始解码二维码: 268x271
[2026-05-17 02:30:26] 未识别到二维码
[2026-05-17 02:30:28] 生成二维码: 2352 字符
[2026-05-17 02:30:28] 二维码生成成功
[2026-05-17 02:30:29] 开始截图识别
[2026-05-17 02:30:31] 截图区域: x=639, y=267, w=252, h=260
[2026-05-17 02:30:31] 开始解码二维码: 252x260
[2026-05-17 02:30:34] 未识别到二维码
[2026-05-17 02:30:36] 生成二维码: 2060 字符
[2026-05-17 02:30:36] 二维码生成成功
[2026-05-17 02:30:37] 开始截图识别
[2026-05-17 02:30:40] 截图区域: x=642, y=273, w=253, h=252
[2026-05-17 02:30:40] 开始解码二维码: 253x252
[2026-05-17 02:30:42] 未识别到二维码
[2026-05-17 02:30:44] 开始截图识别
[2026-05-17 02:30:48] 截图区域: x=650, y=279, w=231, h=234
[2026-05-17 02:30:48] 开始解码二维码: 231x234
[2026-05-17 02:30:50] 未识别到二维码
[2026-05-17 02:30:52] 生成二维码: 1891 字符
[2026-05-17 02:30:52] 二维码生成成功
[2026-05-17 02:30:53] 开始截图识别
[2026-05-17 02:30:55] 截图区域: x=619, y=254, w=293, h=290
[2026-05-17 02:30:55] 开始解码二维码: 293x290
[2026-05-17 02:30:59] 生成二维码: 1891 字符
[2026-05-17 02:30:59] 二维码生成成功
[2026-05-17 02:30:59] 解码成功: 1891 字符
[2026-05-17 02:31:03] 生成二维码: 1891 字符
[2026-05-17 02:31:03] 二维码生成成功
[2026-05-17 02:31:03] 生成二维码: 2086 字符
[2026-05-17 02:31:03] 二维码生成成功
[2026-05-17 02:31:05] 开始截图识别
[2026-05-17 02:31:07] 截图区域: x=645, y=274, w=244, h=238
[2026-05-17 02:31:07] 开始解码二维码: 244x238
[2026-05-17 02:31:09] 生成二维码: 7 字符
[2026-05-17 02:31:09] 二维码生成成功
[2026-05-17 02:31:09] 未识别到二维码
[2026-05-17 02:34:12] 程序启动
[2026-05-17 02:34:12] UI构建完成
[2026-05-17 02:35:24] 生成二维码: 181 字符
[2026-05-17 02:35:24] 二维码生成成功
[2026-05-17 02:35:32] 程序启动
[2026-05-17 02:35:32] UI构建完成
[2026-05-17 02:35:36] 开始截图识别
[2026-05-17 02:35:38] 截图区域: x=1132, y=397, w=324, h=300
[2026-05-17 02:35:38] 开始解码二维码: 324x300
[2026-05-17 02:35:44] 生成二维码: 181 字符
[2026-05-17 02:35:44] 二维码生成成功
[2026-05-17 02:35:44] 解码成功: 181 字符
[2026-05-17 02:36:02] 生成二维码: 0 字符
[2026-05-17 02:36:02] 生成二维码: 2601 字符
[2026-05-17 02:36:02] 二维码生成成功
[2026-05-17 02:36:03] 开始截图识别
[2026-05-17 02:36:06] 截图区域: x=1149, y=417, w=261, h=264
[2026-05-17 02:36:06] 开始解码二维码: 261x264
[2026-05-17 02:36:10] 生成二维码: 7 字符
[2026-05-17 02:36:10] 二维码生成成功
[2026-05-17 02:36:10] 未识别到二维码
[2026-05-17 02:36:17] 生成二维码: 2352 字符
[2026-05-17 02:36:17] 二维码生成成功
[2026-05-17 02:36:18] 开始截图识别
[2026-05-17 02:36:21] 截图区域: x=1153, y=414, w=250, h=261
[2026-05-17 02:36:21] 开始解码二维码: 250x261
[2026-05-17 02:36:25] 未识别到二维码
[2026-05-17 02:36:27] 生成二维码: 2001 字符
[2026-05-17 02:36:27] 二维码生成成功
[2026-05-17 02:36:28] 开始截图识别
[2026-05-17 02:36:30] 截图区域: x=1153, y=421, w=267, h=247
[2026-05-17 02:36:30] 开始解码二维码: 267x247
[2026-05-17 02:36:34] 未识别到二维码
[2026-05-17 02:49:22] 程序启动
[2026-05-17 02:49:22] UI构建完成
[2026-05-17 02:52:59] 程序启动
[2026-05-17 02:52:59] UI构建完成
[2026-05-17 02:53:03] 开始截图识别
[2026-05-17 02:53:06] 截图区域: x=1149, y=414, w=261, h=261
[2026-05-17 02:53:06] 开始解码二维码: 261x261
[2026-05-17 02:53:11] 生成二维码: 7 字符
[2026-05-17 02:53:11] 二维码生成成功
[2026-05-17 02:53:11] 未识别到二维码
[2026-05-17 03:10:06] 程序启动
[2026-05-17 03:10:06] UI构建完成
[2026-05-17 03:10:08] 程序启动
[2026-05-17 03:10:08] UI构建完成
[2026-05-17 03:10:10] 生成二维码: 2601 字符
[2026-05-17 03:10:11] 二维码生成成功
[2026-05-17 03:10:12] 开始截图识别
[2026-05-17 03:10:14] 截图区域: x=1142, y=408, w=283, h=282
[2026-05-17 03:10:14] 开始解码二维码: 283x282
[2026-05-17 03:10:19] 生成二维码: 7 字符
[2026-05-17 03:10:20] 二维码生成成功
[2026-05-17 03:10:20] 未识别到二维码
[2026-05-17 03:11:10] 开始截图识别
[2026-05-17 03:11:12] 截图区域: x=1145, y=412, w=267, h=274
[2026-05-17 03:11:12] 开始解码二维码: 267x274
[2026-05-17 03:11:17] 未识别到二维码
[2026-05-17 03:17:55] 生成二维码: 0 字符
[2026-05-17 03:17:55] 生成二维码: 2601 字符
[2026-05-17 03:17:55] 二维码生成成功
[2026-05-17 03:18:19] 生成二维码: 2602 字符
[2026-05-17 03:18:19] 二维码生成成功
[2026-05-17 03:18:20] 生成二维码: 2603 字符
[2026-05-17 03:18:20] 二维码生成成功
[2026-05-17 03:18:20] 生成二维码: 2604 字符
[2026-05-17 03:18:20] 二维码生成成功
[2026-05-17 03:18:20] 生成二维码: 2605 字符
[2026-05-17 03:18:20] 二维码生成成功
[2026-05-17 03:18:20] 生成二维码: 2606 字符
[2026-05-17 03:18:20] 二维码生成成功
[2026-05-17 03:18:20] 生成二维码: 2607 字符
[2026-05-17 03:18:20] 二维码生成成功
[2026-05-17 03:18:20] 生成二维码: 2608 字符
[2026-05-17 03:18:20] 二维码生成成功
[2026-05-17 03:18:21] 生成二维码: 2609 字符
[2026-05-17 03:18:21] 二维码生成成功
[2026-05-17 03:18:21] 生成二维码: 2610 字符
[2026-05-17 03:18:21] 二维码生成成功
[2026-05-17 03:18:21] 生成二维码: 2611 字符
[2026-05-17 03:18:21] 二维码生成成功
[2026-05-17 03:18:21] 生成二维码: 2612 字符
[2026-05-17 03:18:21] 二维码生成成功
