[2026-05-17 02:52:26] 程序启动
[2026-05-17 02:52:26] UI构建完成
[2026-05-17 02:52:51] 生成二维码: 2601 字符
[2026-05-17 02:52:51] 二维码生成成功
[2026-05-17 03:17:07] 程序启动
[2026-05-17 03:17:07] UI构建完成
[2026-05-17 03:17:10] 程序启动
[2026-05-17 03:17:10] UI构建完成
[2026-05-17 03:17:15] 生成二维码: 1 字符
[2026-05-17 03:17:15] 二维码生成成功
[2026-05-17 03:17:15] 生成二维码: 2 字符
[2026-05-17 03:17:15] 二维码生成成功
[2026-05-17 03:17:15] 生成二维码: 3 字符
[2026-05-17 03:17:15] 二维码生成成功
[2026-05-17 03:17:16] 开始截图识别
[2026-05-17 03:17:19] 截图区域: x=634, y=394, w=277, h=288
[2026-05-17 03:17:19] 开始解码二维码: 277x288
[2026-05-17 03:17:24] 生成二维码: 3 字符
[2026-05-17 03:17:24] 二维码生成成功
[2026-05-17 03:17:24] 解码成功: 3 字符
[2026-05-17 03:17:26] 开始截图识别
[2026-05-17 03:17:29] 截图区域: x=624, y=385, w=292, h=292
[2026-05-17 03:17:29] 开始解码二维码: 292x292
[2026-05-17 03:17:29] 解码成功: 3 字符
[2026-05-17 03:17:58] 开始截图识别
[2026-05-17 03:18:01] 截图区域: x=1149, y=417, w=262, h=263
[2026-05-17 03:18:01] 开始解码二维码: 262x263
[2026-05-17 03:18:09] 生成二维码: 2601 字符
[2026-05-17 03:18:09] 二维码生成成功
[2026-05-17 03:18:09] 解码成功: 2601 字符
[2026-05-17 03:18:22] 开始截图识别
[2026-05-17 03:18:24] 截图区域: x=1148, y=416, w=266, h=265
[2026-05-17 03:18:24] 开始解码二维码: 266x265
[2026-05-17 03:18:32] 生成二维码: 2612 字符
[2026-05-17 03:18:32] 二维码生成成功
[2026-05-17 03:18:32] 解码成功: 2612 字符
